0 verbose cli /data/data/com.termux/files/usr/bin/node /data/data/com.termux/files/usr/bin/npm
1 info using npm@12.0.1
2 info using node@v26.3.1
3 silly config load:file:/data/data/com.termux/files/usr/lib/node_modules/npm/npmrc
4 silly config load:file:/data/data/com.termux/files/home/vattams-home-services-admin/.npmrc
5 silly config load:file:/data/data/com.termux/files/home/.npmrc
6 silly config load:file:/data/data/com.termux/files/usr/etc/npmrc
7 verbose title npm install
8 verbose argv "install"
9 verbose logfile logs-max:10 dir:/data/data/com.termux/files/home/.npm/_logs/2026-07-25T21_50_00_111Z-
10 verbose logfile /data/data/com.termux/files/home/.npm/_logs/2026-07-25T21_50_00_111Z-debug-0.log
11 silly logfile start cleaning logs, removing 1 files
12 silly logfile done cleaning log files
13 silly packumentCache heap:1174405120 maxSize:293601280 maxEntrySize:146800640
14 silly idealTree buildDeps
15 silly reify moves {}
16 silly audit bulk request {
16 silly audit   '@alloc/quick-lru': [ '5.2.0' ],
16 silly audit   '@babel/code-frame': [ '7.29.7' ],
16 silly audit   '@babel/compat-data': [ '7.29.7' ],
16 silly audit   '@babel/core': [ '7.29.7' ],
16 silly audit   '@babel/generator': [ '7.29.7' ],
16 silly audit   '@babel/helper-compilation-targets': [ '7.29.7' ],
16 silly audit   '@babel/helper-globals': [ '7.29.7' ],
16 silly audit   '@babel/helper-module-imports': [ '7.29.7' ],
16 silly audit   '@babel/helper-module-transforms': [ '7.29.7' ],
16 silly audit   '@babel/helper-plugin-utils': [ '7.29.7' ],
16 silly audit   '@babel/helper-string-parser': [ '7.29.7' ],
16 silly audit   '@babel/helper-validator-identifier': [ '7.29.7' ],
16 silly audit   '@babel/helper-validator-option': [ '7.29.7' ],
16 silly audit   '@babel/helpers': [ '7.29.7' ],
16 silly audit   '@babel/parser': [ '7.29.7' ],
16 silly audit   '@babel/plugin-transform-react-jsx-self': [ '7.29.7' ],
16 silly audit   '@babel/plugin-transform-react-jsx-source': [ '7.29.7' ],
16 silly audit   '@babel/runtime': [ '7.29.7' ],
16 silly audit   '@babel/template': [ '7.29.7' ],
16 silly audit   '@babel/traverse': [ '7.29.7' ],
16 silly audit   '@babel/types': [ '7.29.7' ],
16 silly audit   '@esbuild/aix-ppc64': [ '0.21.5' ],
16 silly audit   '@esbuild/android-arm': [ '0.21.5' ],
16 silly audit   '@esbuild/android-arm64': [ '0.21.5' ],
16 silly audit   '@esbuild/android-x64': [ '0.21.5' ],
16 silly audit   '@esbuild/darwin-arm64': [ '0.21.5' ],
16 silly audit   '@esbuild/darwin-x64': [ '0.21.5' ],
16 silly audit   '@esbuild/freebsd-arm64': [ '0.21.5' ],
16 silly audit   '@esbuild/freebsd-x64': [ '0.21.5' ],
16 silly audit   '@esbuild/linux-arm': [ '0.21.5' ],
16 silly audit   '@esbuild/linux-arm64': [ '0.21.5' ],
16 silly audit   '@esbuild/linux-ia32': [ '0.21.5' ],
16 silly audit   '@esbuild/linux-loong64': [ '0.21.5' ],
16 silly audit   '@esbuild/linux-mips64el': [ '0.21.5' ],
16 silly audit   '@esbuild/linux-ppc64': [ '0.21.5' ],
16 silly audit   '@esbuild/linux-riscv64': [ '0.21.5' ],
16 silly audit   '@esbuild/linux-s390x': [ '0.21.5' ],
16 silly audit   '@esbuild/linux-x64': [ '0.21.5' ],
16 silly audit   '@esbuild/netbsd-x64': [ '0.21.5' ],
16 silly audit   '@esbuild/openbsd-x64': [ '0.21.5' ],
16 silly audit   '@esbuild/sunos-x64': [ '0.21.5' ],
16 silly audit   '@esbuild/win32-arm64': [ '0.21.5' ],
16 silly audit   '@esbuild/win32-ia32': [ '0.21.5' ],
16 silly audit   '@esbuild/win32-x64': [ '0.21.5' ],
16 silly audit   '@jridgewell/gen-mapping': [ '0.3.13' ],
16 silly audit   '@jridgewell/remapping': [ '2.3.5' ],
16 silly audit   '@jridgewell/resolve-uri': [ '3.1.2' ],
16 silly audit   '@jridgewell/sourcemap-codec': [ '1.5.5' ],
16 silly audit   '@jridgewell/trace-mapping': [ '0.3.31' ],
16 silly audit   '@nodelib/fs.scandir': [ '2.1.5' ],
16 silly audit   '@nodelib/fs.stat': [ '2.0.5' ],
16 silly audit   '@nodelib/fs.walk': [ '1.2.8' ],
16 silly audit   '@remix-run/router': [ '1.23.3' ],
16 silly audit   '@rollup/rollup-android-arm-eabi': [ '4.62.2' ],
16 silly audit   '@rollup/rollup-android-arm64': [ '4.62.2' ],
16 silly audit   '@rollup/rollup-darwin-arm64': [ '4.62.2' ],
16 silly audit   '@rollup/rollup-darwin-x64': [ '4.62.2' ],
16 silly audit   '@rollup/rollup-freebsd-arm64': [ '4.62.2' ],
16 silly audit   '@rollup/rollup-freebsd-x64': [ '4.62.2' ],
16 silly audit   '@rollup/rollup-linux-arm-gnueabihf': [ '4.62.2' ],
16 silly audit   '@rollup/rollup-linux-arm-musleabihf': [ '4.62.2' ],
16 silly audit   '@rollup/rollup-linux-arm64-gnu': [ '4.62.2' ],
16 silly audit   '@rollup/rollup-linux-arm64-musl': [ '4.62.2' ],
16 silly audit   '@rollup/rollup-linux-loong64-gnu': [ '4.62.2' ],
16 silly audit   '@rollup/rollup-linux-loong64-musl': [ '4.62.2' ],
16 silly audit   '@rollup/rollup-linux-ppc64-gnu': [ '4.62.2' ],
16 silly audit   '@rollup/rollup-linux-ppc64-musl': [ '4.62.2' ],
16 silly audit   '@rollup/rollup-linux-riscv64-gnu': [ '4.62.2' ],
16 silly audit   '@rollup/rollup-linux-riscv64-musl': [ '4.62.2' ],
16 silly audit   '@rollup/rollup-linux-s390x-gnu': [ '4.62.2' ],
16 silly audit   '@rollup/rollup-linux-x64-gnu': [ '4.62.2' ],
16 silly audit   '@rollup/rollup-linux-x64-musl': [ '4.62.2' ],
16 silly audit   '@rollup/rollup-openbsd-x64': [ '4.62.2' ],
16 silly audit   '@rollup/rollup-openharmony-arm64': [ '4.62.2' ],
16 silly audit   '@rollup/rollup-win32-arm64-msvc': [ '4.62.2' ],
16 silly audit   '@rollup/rollup-win32-ia32-msvc': [ '4.62.2' ],
16 silly audit   '@rollup/rollup-win32-x64-gnu': [ '4.62.2' ],
16 silly audit   '@rollup/rollup-win32-x64-msvc': [ '4.62.2' ],
16 silly audit   '@supabase/auth-js': [ '2.110.2' ],
16 silly audit   '@supabase/functions-js': [ '2.110.2' ],
16 silly audit   '@supabase/phoenix': [ '0.4.4' ],
16 silly audit   '@supabase/postgrest-js': [ '2.110.2' ],
16 silly audit   '@supabase/realtime-js': [ '2.110.2' ],
16 silly audit   '@supabase/storage-js': [ '2.110.2' ],
16 silly audit   '@supabase/supabase-js': [ '2.110.2' ],
16 silly audit   '@types/babel__core': [ '7.20.5' ],
16 silly audit   '@types/babel__generator': [ '7.27.0' ],
16 silly audit   '@types/babel__template': [ '7.4.4' ],
16 silly audit   '@types/babel__traverse': [ '7.28.0' ],
16 silly audit   '@types/estree': [ '1.0.9' ],
16 silly audit   '@types/node': [ '26.1.1' ],
16 silly audit   '@types/prop-types': [ '15.7.15' ],
16 silly audit   '@types/qrcode': [ '1.5.6' ],
16 silly audit   '@types/raf': [ '3.4.3' ],
16 silly audit   '@types/react': [ '18.3.31' ],
16 silly audit   '@types/react-dom': [ '18.3.7' ],
16 silly audit   '@vitejs/plugin-react': [ '4.3.4' ],
16 silly audit   'ansi-regex': [ '5.0.1' ],
16 silly audit   'ansi-styles': [ '4.3.0' ],
16 silly audit   'any-promise': [ '1.3.0' ],
16 silly audit   anymatch: [ '3.1.3' ],
16 silly audit   arg: [ '5.0.2' ],
16 silly audit   atob: [ '2.1.2' ],
16 silly audit   autoprefixer: [ '10.5.2' ],
16 silly audit   'base64-arraybuffer': [ '1.0.2' ],
16 silly audit   'baseline-browser-mapping': [ '2.10.43' ],
16 silly audit   'binary-extensions': [ '2.3.0' ],
16 silly audit   braces: [ '3.0.3' ],
16 silly audit   browserslist: [ '4.28.6' ],
16 silly audit   btoa: [ '1.2.1' ],
16 silly audit   camelcase: [ '5.3.1' ],
16 silly audit   'camelcase-css': [ '2.0.1' ],
16 silly audit   'caniuse-lite': [ '1.0.30001805' ],
16 silly audit   canvg: [ '3.0.11' ],
16 silly audit   chokidar: [ '3.6.0' ],
16 silly audit   'glob-parent': [ '5.1.2', '6.0.2' ],
16 silly audit   cliui: [ '6.0.0' ],
16 silly audit   clsx: [ '2.1.1' ],
16 silly audit   'color-convert': [ '2.0.1' ],
16 silly audit   'color-name': [ '1.1.4' ],
16 silly audit   commander: [ '4.1.1' ],
16 silly audit   'convert-source-map': [ '2.0.0' ],
16 silly audit   'core-js': [ '3.49.0' ],
16 silly audit   'css-line-break': [ '2.1.0' ],
16 silly audit   cssesc: [ '3.0.0' ],
16 silly audit   csstype: [ '3.2.3' ],
16 silly audit   debug: [ '4.4.3' ],
16 silly audit   decamelize: [ '1.2.0' ],
16 silly audit   didyoumean: [ '1.2.2' ],
16 silly audit   dijkstrajs: [ '1.0.3' ],
16 silly audit   dlv: [ '1.1.3' ],
16 silly audit   dompurify: [ '2.5.9' ],
16 silly audit   'electron-to-chromium': [ '1.5.389' ],
16 silly audit   'emoji-regex': [ '8.0.0' ],
16 silly audit   'es-errors': [ '1.3.0' ],
16 silly audit   esbuild: [ '0.21.5' ],
16 silly audit   escalade: [ '3.2.0' ],
16 silly audit   'fast-glob': [ '3.3.3' ],
16 silly audit   fastq: [ '1.20.1' ],
16 silly audit   fflate: [ '0.8.3' ],
16 silly audit   'fill-range': [ '7.1.1' ],
16 silly audit   'find-up': [ '4.1.0' ],
16 silly audit   'fraction.js': [ '5.3.4' ],
16 silly audit   fsevents: [ '2.3.3' ],
16 silly audit   'function-bind': [ '1.1.2' ],
16 silly audit   gensync: [ '1.0.0-beta.2' ],
16 silly audit   'get-caller-file': [ '2.0.5' ],
16 silly audit   hasown: [ '2.0.4' ],
16 silly audit   html2canvas: [ '1.4.1' ],
16 silly audit   'iceberg-js': [ '0.8.1' ],
16 silly audit   'is-binary-path': [ '2.1.0' ],
16 silly audit   'is-core-module': [ '2.16.2' ],
16 silly audit   'is-extglob': [ '2.1.1' ],
16 silly audit   'is-fullwidth-code-point': [ '3.0.0' ],
16 silly audit   'is-glob': [ '4.0.3' ],
16 silly audit   'is-number': [ '7.0.0' ],
16 silly audit   jiti: [ '1.21.7' ],
16 silly audit   'js-tokens': [ '4.0.0' ],
16 silly audit   jsesc: [ '3.1.0' ],
16 silly audit   json5: [ '2.2.3' ],
16 silly audit   jspdf: [ '2.5.2' ],
16 silly audit   'jspdf-autotable': [ '3.8.4' ],
16 silly audit   lilconfig: [ '3.1.3' ],
16 silly audit   'lines-and-columns': [ '1.2.4' ],
16 silly audit   'locate-path': [ '5.0.0' ],
16 silly audit   'loose-envify': [ '1.4.0' ],
16 silly audit   'lru-cache': [ '5.1.1' ],
16 silly audit   'lucide-react': [ '0.400.0' ],
16 silly audit   merge2: [ '1.4.1' ],
16 silly audit   micromatch: [ '4.0.8' ],
16 silly audit   ms: [ '2.1.3' ],
16 silly audit   mz: [ '2.7.0' ],
16 silly audit   nanoid: [ '3.3.16' ],
16 silly audit   'node-releases': [ '2.0.51' ],
16 silly audit   'normalize-path': [ '3.0.0' ],
16 silly audit   'object-assign': [ '4.1.1' ],
16 silly audit   'object-hash': [ '3.0.0' ],
16 silly audit   'p-limit': [ '2.3.0' ],
16 silly audit   'p-locate': [ '4.1.0' ],
16 silly audit   'p-try': [ '2.2.0' ],
16 silly audit   'path-exists': [ '4.0.0' ],
16 silly audit   'path-parse': [ '1.0.7' ],
16 silly audit   'performance-now': [ '2.1.0' ],
16 silly audit   picocolors: [ '1.1.1' ],
16 silly audit   picomatch: [ '2.3.2', '4.0.5' ],
16 silly audit   pify: [ '2.3.0' ],
16 silly audit   pirates: [ '4.0.7' ],
16 silly audit   pngjs: [ '5.0.0' ],
16 silly audit   postcss: [ '8.5.18' ],
16 silly audit   'postcss-import': [ '15.1.0' ],
16 silly audit   'postcss-js': [ '4.1.0' ],
16 silly audit   'postcss-load-config': [ '6.0.1' ],
16 silly audit   'postcss-nested': [ '6.2.0' ],
16 silly audit   'postcss-selector-parser': [ '6.1.4' ],
16 silly audit   'postcss-value-parser': [ '4.2.0' ],
16 silly audit   qrcode: [ '1.5.4' ],
16 silly audit   'queue-microtask': [ '1.2.3' ],
16 silly audit   raf: [ '3.4.1' ],
16 silly audit   react: [ '18.3.1' ],
16 silly audit   'react-dom': [ '18.3.1' ],
16 silly audit   'react-refresh': [ '0.14.2' ],
16 silly audit   'react-router': [ '6.30.4' ],
16 silly audit   'react-router-dom': [ '6.30.4' ],
16 silly audit   'read-cache': [ '1.0.0' ],
16 silly audit   readdirp: [ '3.6.0' ],
16 silly audit   'regenerator-runtime': [ '0.13.11' ],
16 silly audit   'require-directory': [ '2.1.1' ],
16 silly audit   'require-main-filename': [ '2.0.0' ],
16 silly audit   resolve: [ '1.22.12' ],
16 silly audit   reusify: [ '1.1.0' ],
16 silly audit   rgbcolor: [ '1.0.1' ],
16 silly audit   rollup: [ '4.62.2' ],
16 silly audit   'run-parallel': [ '1.2.0' ],
16 silly audit   scheduler: [ '0.23.2' ],
16 silly audit   semver: [ '6.3.1' ],
16 silly audit   'set-blocking': [ '2.0.0' ],
16 silly audit   'source-map-js': [ '1.2.1' ],
16 silly audit   'stackblur-canvas': [ '2.7.0' ],
16 silly audit   'string-width': [ '4.2.3' ],
16 silly audit   'strip-ansi': [ '6.0.1' ],
16 silly audit   sucrase: [ '3.35.1' ],
16 silly audit   'supports-preserve-symlinks-flag': [ '1.0.0' ],
16 silly audit   'svg-pathdata': [ '6.0.3' ],
16 silly audit   'tailwind-merge': [ '2.6.1' ],
16 silly audit   tailwindcss: [ '3.4.19' ],
16 silly audit   'text-segmentation': [ '1.0.3' ],
16 silly audit   thenify: [ '3.3.1' ],
16 silly audit   'thenify-all': [ '1.6.0' ],
16 silly audit   tinyglobby: [ '0.2.17' ],
16 silly audit   fdir: [ '6.5.0' ],
16 silly audit   'to-regex-range': [ '5.0.1' ],
16 silly audit   'ts-interface-checker': [ '0.1.13' ],
16 silly audit   tslib: [ '2.8.1' ],
16 silly audit   typescript: [ '5.9.3' ],
16 silly audit   'undici-types': [ '8.3.0' ],
16 silly audit   'update-browserslist-db': [ '1.2.3' ],
16 silly audit   'util-deprecate': [ '1.0.2' ],
16 silly audit   utrie: [ '1.0.2' ],
16 silly audit   vite: [ '5.4.21' ],
16 silly audit   'which-module': [ '2.0.1' ],
16 silly audit   'wrap-ansi': [ '6.2.0' ],
16 silly audit   y18n: [ '4.0.3' ],
16 silly audit   yallist: [ '3.1.1' ],
16 silly audit   yargs: [ '15.4.1' ],
16 silly audit   'yargs-parser': [ '18.1.3' ]
16 silly audit }
17 http fetch POST 200 https://registry.npmjs.org/-/npm/v1/security/advisories/bulk 1089ms
18 silly audit report {
18 silly audit report   dompurify: [
18 silly audit report     {
18 silly audit report       id: 1105772,
18 silly audit report       url: 'https://github.com/advisories/GHSA-vhxf-7vqr-mrjg',
18 silly audit report       title: 'DOMPurify allows Cross-site Scripting (XSS)',
18 silly audit report       severity: 'moderate',
18 silly audit report       vulnerable_versions: '<3.2.4',
18 silly audit report       cwe: [Array],
18 silly audit report       cvss: [Object]
18 silly audit report     },
18 silly audit report     {
18 silly audit report       id: 1120802,
18 silly audit report       url: 'https://github.com/advisories/GHSA-hpcv-96wg-7vj8',
18 silly audit report       title: 'DOMPurify: Cross-realm IN_PLACE sanitization leaves executable markup intact via realm-bound `instanceof` checks',
18 silly audit report       severity: 'moderate',
18 silly audit report       vulnerable_versions: '<=3.4.5',
18 silly audit report       cwe: [Array],
18 silly audit report       cvss: [Object]
18 silly audit report     },
18 silly audit report     {
18 silly audit report       id: 1120803,
18 silly audit report       url: 'https://github.com/advisories/GHSA-r47g-fvhr-h676',
18 silly audit report       title: 'DOMPurify: IN_PLACE mode preserves attributes of a clobbered root element, allowing XSS via attacker-controlled root DOM',
18 silly audit report       severity: 'moderate',
18 silly audit report       vulnerable_versions: '<=3.4.5',
18 silly audit report       cwe: [Array],
18 silly audit report       cvss: [Object]
18 silly audit report     },
18 silly audit report     {
18 silly audit report       id: 1120813,
18 silly audit report       url: 'https://github.com/advisories/GHSA-rp9w-3fw7-7cwq',
18 silly audit report       title: 'DOMPurify IN_PLACE Sanitization Bypass via Attached Shadow Root Inside <template>.content',
18 silly audit report       severity: 'moderate',
18 silly audit report       vulnerable_versions: '<=3.4.6',
18 silly audit report       cwe: [Array],
18 silly audit report       cvss: [Object]
18 silly audit report     },
18 silly audit report     {
18 silly audit report       id: 1117138,
18 silly audit report       url: 'https://github.com/advisories/GHSA-h7mw-gpvr-xq4m',
18 silly audit report       title: 'DOMPurify: FORBID_TAGS bypassed by function-based ADD_TAGS predicate (asymmetry with FORBID_ATTR fix)',
18 silly audit report       severity: 'moderate',
18 silly audit report       vulnerable_versions: '<3.4.0',
18 silly audit report       cwe: [Array],
18 silly audit report       cvss: [Object]
18 silly audit report     },
18 silly audit report     {
18 silly audit report       id: 1117139,
18 silly audit report       url: 'https://github.com/advisories/GHSA-crv5-9vww-q3g8',
18 silly audit report       title: 'DOMPurify has a SAFE_FOR_TEMPLATES bypass in RETURN_DOM mode',
18 silly audit report       severity: 'moderate',
18 silly audit report       vulnerable_versions: '>=1.0.10 <3.4.0',
18 silly audit report       cwe: [Array],
18 silly audit report       cvss: [Object]
18 silly audit report     },
18 silly audit report     {
18 silly audit report       id: 1124022,
18 silly audit report       url: 'https://github.com/advisories/GHSA-c2j3-45gr-mqc4',
18 silly audit report       title: 'DOMPurify: `CUSTOM_ELEMENT_HANDLING` bypasses `afterSanitizeElements` for allowed custom elements.',
18 silly audit report       severity: 'low',
18 silly audit report       vulnerable_versions: '<=3.4.11',
18 silly audit report       cwe: [Array],
18 silly audit report       cvss: [Object]
18 silly audit report     },
18 silly audit report     {
18 silly audit report       id: 1124233,
18 silly audit report       url: 'https://github.com/advisories/GHSA-cmwh-pvxp-8882',
18 silly audit report       title: 'DOMPurify: Permanent `ALLOWED_ATTR` pollution via `setConfig()` bypassing the hook clone-guard (incomplete fix of the 3.4.7 hook-pollution patch)',
18 silly audit report       severity: 'moderate',
18 silly audit report       vulnerable_versions: '<=3.4.10',
18 silly audit report       cwe: [Array],
18 silly audit report       cvss: [Object]
18 silly audit report     },
18 silly audit report     {
18 silly audit report       id: 1124234,
18 silly audit report       url: 'https://github.com/advisories/GHSA-vxr8-fq34-vvx9',
18 silly audit report       title: 'DOMPurify: Trusted Types policy survives `clearConfig()` and can poison later `RETURN_TRUSTED_TYPE` output',
18 silly audit report       severity: 'low',
18 silly audit report       vulnerable_versions: '<3.4.9',
18 silly audit report       cwe: [Array],
18 silly audit report       cvss: [Object]
18 silly audit report     },
18 silly audit report     {
18 silly audit report       id: 1124236,
18 silly audit report       url: 'https://github.com/advisories/GHSA-x4vx-rjvf-j5p4',
18 silly audit report       title: 'DOMPurify: `IN_PLACE` mode trusts attacker-controlled `nodeName` on live non-form nodes, allowing script retention and XSS via attacker-supplied DOM objects',
18 silly audit report       severity: 'low',
18 silly audit report       vulnerable_versions: '<=3.4.6',
18 silly audit report       cwe: [Array],
18 silly audit report       cvss: [Object]
18 silly audit report     },
18 silly audit report     {
18 silly audit report       id: 1124237,
18 silly audit report       url: 'https://github.com/advisories/GHSA-76mc-f452-cxcm',
18 silly audit report       title: 'DOMPurify: Hook mutation of `data.allowedTags` / `data.allowedAttributes` permanently pollutes `DEFAULT_ALLOWED_TAGS` / `DEFAULT_ALLOWED_ATTR`',
18 silly audit report       severity: 'moderate',
18 silly audit report       vulnerable_versions: '<3.4.7',
18 silly audit report       cwe: [Array],
18 silly audit report       cvss: [Object]
18 silly audit report     },
18 silly audit report     {
18 silly audit report       id: 1124238,
18 silly audit report       url: 'https://github.com/advisories/GHSA-39q2-94rc-95cp',
18 silly audit report       title: "DOMPurify's ADD_TAGS function form bypasses FORBID_TAGS due to short-circuit evaluation",
18 silly audit report       severity: 'moderate',
18 silly audit report       vulnerable_versions: '<=3.3.3',
18 silly audit report       cwe: [Array],
18 silly audit report       cvss: [Object]
18 silly audit report     },
18 silly audit report     {
18 silly audit report       id: 1124239,
18 silly audit report       url: 'https://github.com/advisories/GHSA-cjmm-f4jc-qw8r',
18 silly audit report       title: 'DOMPurify ADD_ATTR predicate skips URI validation',
18 silly audit report       severity: 'moderate',
18 silly audit report       vulnerable_versions: '<=3.3.1',
18 silly audit report       cwe: [Array],
18 silly audit report       cvss: [Object]
18 silly audit report     },
18 silly audit report     {
18 silly audit report       id: 1124240,
18 silly audit report       url: 'https://github.com/advisories/GHSA-cj63-jhhr-wcxv',
18 silly audit report       title: 'DOMPurify USE_PROFILES prototype pollution allows event handlers',
18 silly audit report       severity: 'moderate',
18 silly audit report       vulnerable_versions: '<=3.3.1',
18 silly audit report       cwe: [Array],
18 silly audit report       cvss: [Object]
18 silly audit report     },
18 silly audit report     {
18 silly audit report       id: 1124241,
18 silly audit report       url: 'https://github.com/advisories/GHSA-h8r8-wccr-v5f2',
18 silly audit report       title: 'DOMPurify is vulnerable to mutation-XSS via Re-Contextualization ',
18 silly audit report       severity: 'moderate',
18 silly audit report       vulnerable_versions: '<3.3.2',
18 silly audit report       cwe: [Array],
18 silly audit report       cvss: [Object]
18 silly audit report     }
18 silly audit report   ],
18 silly audit report   esbuild: [
18 silly audit report     {
18 silly audit report       id: 1102341,
18 silly audit report       url: 'https://github.com/advisories/GHSA-67mh-4wv8-2f99',
18 silly audit report       title: 'esbuild enables any website to send any requests to the development server and read the response',
18 silly audit report       severity: 'moderate',
18 silly audit report       vulnerable_versions: '<=0.24.2',
18 silly audit report       cwe: [Array],
18 silly audit report       cvss: [Object]
18 silly audit report     }
18 silly audit report   ],
18 silly audit report   jspdf: [
18 silly audit report     {
18 silly audit report       id: 1103308,
18 silly audit report       url: 'https://github.com/advisories/GHSA-w532-jxjh-hjhj',
18 silly audit report       title: 'jsPDF Bypass Regular Expression Denial of Service (ReDoS)',
18 silly audit report       severity: 'high',
18 silly audit report       vulnerable_versions: '<3.0.1',
18 silly audit report       cwe: [Array],
18 silly audit report       cvss: [Object]
18 silly audit report     },
18 silly audit report     {
18 silly audit report       id: 1107412,
18 silly audit report       url: 'https://github.com/advisories/GHSA-8mvj-3j78-4qmw',
18 silly audit report       title: 'jsPDF Denial of Service (DoS)',
18 silly audit report       severity: 'high',
18 silly audit report       vulnerable_versions: '<=3.0.1',
18 silly audit report       cwe: [Array],
18 silly audit report       cvss: [Object]
18 silly audit report     },
18 silly audit report     {
18 silly audit report       id: 1112264,
18 silly audit report       url: 'https://github.com/advisories/GHSA-f8cm-6447-x5h2',
18 silly audit report       title: 'jsPDF has Local File Inclusion/Path Traversal vulnerability',
18 silly audit report       severity: 'critical',
18 silly audit report       vulnerable_versions: '<=3.0.4',
18 silly audit report       cwe: [Array],
18 silly audit report       cvss: [Object]
18 silly audit report     },
18 silly audit report     {
18 silly audit report       id: 1112801,
18 silly audit report       url: 'https://github.com/advisories/GHSA-pqxr-3g65-p328',
18 silly audit report       title: 'jsPDF has PDF Injection in AcroFormChoiceField that allows Arbitrary JavaScript Execution',
18 silly audit report       severity: 'high',
18 silly audit report       vulnerable_versions: '<=4.0.0',
18 silly audit report       cwe: [Array],
18 silly audit report       cvss: [Object]
18 silly audit report     },
18 silly audit report     {
18 silly audit report       id: 1112802,
18 silly audit report       url: 'https://github.com/advisories/GHSA-95fx-jjr5-f39c',
18 silly audit report       title: 'jsPDF Vulnerable to Denial of Service (DoS) via Unvalidated BMP Dimensions in BMPDecoder',
18 silly audit report       severity: 'high',
18 silly audit report       vulnerable_versions: '<=4.0.0',
18 silly audit report       cwe: [Array],
18 silly audit report       cvss: [Object]
18 silly audit report     },
18 silly audit report     {
18 silly audit report       id: 1112803,
18 silly audit report       url: 'https://github.com/advisories/GHSA-vm32-vv63-w422',
18 silly audit report       title: 'jsPDF Vulnerable to Stored XMP Metadata Injection (Spoofing & Integrity Violation)',
18 silly audit report       severity: 'moderate',
18 silly audit report       vulnerable_versions: '<=4.0.0',
18 silly audit report       cwe: [Array],
18 silly audit report       cvss: [Object]
18 silly audit report     },
18 silly audit report     {
18 silly audit report       id: 1112804,
18 silly audit report       url: 'https://github.com/advisories/GHSA-cjw8-79x6-5cj4',
18 silly audit report       title: 'jsPDF has Shared State Race Condition in addJS Plugin',
18 silly audit report       severity: 'moderate',
18 silly audit report       vulnerable_versions: '<=4.0.0',
18 silly audit report       cwe: [Array],
18 silly audit report       cvss: [Object]
18 silly audit report     },
18 silly audit report     {
18 silly audit report       id: 1113310,
18 silly audit report       url: 'https://github.com/advisories/GHSA-9vjf-qc39-jprp',
18 silly audit report       title: 'jsPDF has a PDF Object Injection via Unsanitized Input in addJS Method',
18 silly audit report       severity: 'high',
18 silly audit report       vulnerable_versions: '<4.2.0',
18 silly audit report       cwe: [Array],
18 silly audit report       cvss: [Object]
18 silly audit report     },
18 silly audit report     {
18 silly audit report       id: 1113324,
18 silly audit report       url: 'https://github.com/advisories/GHSA-67pg-wm7f-q7fj',
18 silly audit report       title: 'jsPDF Affected by Client-Side/Server-Side Denial of Service via Malicious GIF Dimensions',
18 silly audit report       severity: 'high',
18 silly audit report       vulnerable_versions: '<4.2.0',
18 silly audit report       cwe: [Array],
18 silly audit report       cvss: [Object]
18 silly audit report     },
18 silly audit report     {
18 silly audit report       id: 1114396,
18 silly audit report       url: 'https://github.com/advisories/GHSA-p5xg-68wr-hm3m',
18 silly audit report       title: 'jsPDF has a PDF Injection in AcroForm module allows Arbitrary JavaScript Execution (RadioButton.createOption and "AS" property)',
18 silly audit report       severity: 'high',
18 silly audit report       vulnerable_versions: '<4.2.0',
18 silly audit report       cwe: [Array],
18 silly audit report       cvss: [Object]
18 silly audit report     },
18 silly audit report     {
18 silly audit report       id: 1114950,
18 silly audit report       url: 'https://github.com/advisories/GHSA-7x6v-j9x4-qf24',
18 silly audit report       title: 'jsPDF has a PDF Object Injection via FreeText color',
18 silly audit report       severity: 'high',
18 silly audit report       vulnerable_versions: '<=4.2.0',
18 silly audit report       cwe: [Array],
18 silly audit report       cvss: [Object]
18 silly audit report     },
18 silly audit report     {
18 silly audit report       id: 1114974,
18 silly audit report       url: 'https://github.com/advisories/GHSA-wfv2-pwc8-crg5',
18 silly audit report       title: 'jsPDF has HTML Injection in New Window paths',
18 silly audit report       severity: 'critical',
18 silly audit report       vulnerable_versions: '<=4.2.0',
18 silly audit report       cwe: [Array],
18 silly audit report       cvss: [Object]
18 silly audit report     }
18 silly audit report   ],
18 silly audit report   'react-router': [
18 silly audit report     {
18 silly audit report       id: 1124268,
18 silly audit report       url: 'https://github.com/advisories/GHSA-wrjc-x8rr-h8h6',
18 silly audit report       title: 'React Router: Open redirect via backslash in <Link> and useNavigate (CVE-2025-68470 bypass)',
18 silly audit report       severity: 'moderate',
18 silly audit report       vulnerable_versions: '>=6.0.0 <7.18.0',
18 silly audit report       cwe: [Array],
18 silly audit report       cvss: [Object]
18 silly audit report     },
18 silly audit report     {
18 silly audit report       id: 1124272,
18 silly audit report       url: 'https://github.com/advisories/GHSA-337j-9hxr-rhxg',
18 silly audit report       title: 'React Router: Arbitrary Constructor Injection via deserializeErrors() in React Router SSR Hydration',
18 silly audit report       severity: 'moderate',
18 silly audit report       vulnerable_versions: '>=6.4.0 <7.18.0',
18 silly audit report       cwe: [Array],
18 silly audit report       cvss: [Object]
18 silly audit report     }
18 silly audit report   ],
18 silly audit report   'react-router-dom': [
18 silly audit report     {
18 silly audit report       id: 1124270,
18 silly audit report       url: 'https://github.com/advisories/GHSA-jjmj-jmhj-qwj2',
18 silly audit report       title: 'React Router: Open redirect leading to XSS',
18 silly audit report       severity: 'moderate',
18 silly audit report       vulnerable_versions: '>=6.30.2 <=6.30.4',
18 silly audit report       cwe: [Array],
18 silly audit report       cvss: [Object]
18 silly audit report     }
18 silly audit report   ],
18 silly audit report   vite: [
18 silly audit report     {
18 silly audit report       id: 1120784,
18 silly audit report       url: 'https://github.com/advisories/GHSA-v6wh-96g9-6wx3',
18 silly audit report       title: 'launch-editor: NTLMv2 hash disclosure via UNC path handling on Windows',
18 silly audit report       severity: 'moderate',
18 silly audit report       vulnerable_versions: '<=6.4.2',
18 silly audit report       cwe: [Array],
18 silly audit report       cvss: [Object]
18 silly audit report     },
18 silly audit report     {
18 silly audit report       id: 1116229,
18 silly audit report       url: 'https://github.com/advisories/GHSA-4w7w-66w2-5vf9',
18 silly audit report       title: 'Vite Vulnerable to Path Traversal in Optimized Deps `.map` Handling',
18 silly audit report       severity: 'moderate',
18 silly audit report       vulnerable_versions: '<=6.4.1',
18 silly audit report       cwe: [Array],
18 silly audit report       cvss: [Object]
18 silly audit report     },
18 silly audit report     {
18 silly audit report       id: 1123525,
18 silly audit report       url: 'https://github.com/advisories/GHSA-fx2h-pf6j-xcff',
18 silly audit report       title: 'vite: `server.fs.deny` bypass on Windows alternate paths',
18 silly audit report       severity: 'high',
18 silly audit report       vulnerable_versions: '<=6.4.2',
18 silly audit report       cwe: [Array],
18 silly audit report       cvss: [Object]
18 silly audit report     }
18 silly audit report   ]
18 silly audit report }
19 silly packumentCache corgi:https://registry.npmjs.org/dompurify cache-miss
20 silly packumentCache corgi:https://registry.npmjs.org/esbuild cache-miss
21 silly packumentCache corgi:https://registry.npmjs.org/jspdf cache-miss
22 silly packumentCache corgi:https://registry.npmjs.org/react-router cache-miss
23 silly packumentCache corgi:https://registry.npmjs.org/react-router-dom cache-miss
24 silly packumentCache corgi:https://registry.npmjs.org/vite cache-miss
25 http cache https://registry.npmjs.org/dompurify 126ms (cache hit)
26 silly packumentCache corgi:https://registry.npmjs.org/dompurify set size:255054 disposed:false
27 http cache https://registry.npmjs.org/jspdf 151ms (cache hit)
28 silly packumentCache corgi:https://registry.npmjs.org/jspdf set size:68277 disposed:false
29 http cache https://registry.npmjs.org/esbuild 166ms (cache hit)
30 silly packumentCache corgi:https://registry.npmjs.org/esbuild set size:887361 disposed:false
31 http cache https://registry.npmjs.org/react-router-dom 190ms (cache hit)
32 silly packumentCache corgi:https://registry.npmjs.org/react-router-dom set size:1061588 disposed:false
33 http cache https://registry.npmjs.org/react-router 296ms (cache hit)
34 silly packumentCache corgi:https://registry.npmjs.org/react-router set size:1346231 disposed:false
35 http cache https://registry.npmjs.org/vite 494ms (cache hit)
36 silly packumentCache corgi:https://registry.npmjs.org/vite set size:2288699 disposed:false
37 silly packumentCache corgi:https://registry.npmjs.org/jspdf-autotable cache-miss
38 http cache https://registry.npmjs.org/jspdf-autotable 31ms (cache hit)
39 silly packumentCache corgi:https://registry.npmjs.org/jspdf-autotable set size:194991 disposed:false
40 silly packumentCache corgi:https://registry.npmjs.org/@vitejs%2fplugin-react cache-miss
41 http cache https://registry.npmjs.org/@vitejs%2fplugin-react 10ms (cache hit)
42 silly packumentCache corgi:https://registry.npmjs.org/@vitejs%2fplugin-react set size:116307 disposed:false
43 warn install-scripts 2 packages had install scripts blocked because they are not covered by allowScripts:
43 warn install-scripts   core-js@3.49.0 (postinstall: node -e "try{require('./postinstall')}catch(e){}")
43 warn install-scripts   esbuild@0.21.5 (postinstall: node install.js)
43 warn install-scripts
43 warn install-scripts Run `npm install-scripts ls` to review, or `npm install-scripts approve <pkg>` to allow.
44 verbose cwd /data/data/com.termux/files/home/vattams-home-services-admin
45 verbose os Linux 4.19.157-perf+
46 verbose node v26.3.1
47 verbose npm  v12.0.1
48 verbose exit 0
49 info ok
