0 verbose cli /data/data/com.termux/files/usr/bin/node /data/data/com.termux/files/usr/bin/npm
1 info using npm@12.0.1
2 info using node@v26.3.1
3 silly config load:file:/data/data/com.termux/files/usr/lib/node_modules/npm/npmrc
4 silly config load:file:/data/data/com.termux/files/home/vattams-home-services-admin/.npmrc
5 silly config load:file:/data/data/com.termux/files/home/.npmrc
6 silly config load:file:/data/data/com.termux/files/usr/etc/npmrc
7 verbose title npm install
8 verbose argv "install"
9 verbose logfile logs-max:10 dir:/data/data/com.termux/files/home/.npm/_logs/2026-07-25T21_49_38_677Z-
10 verbose logfile /data/data/com.termux/files/home/.npm/_logs/2026-07-25T21_49_38_677Z-debug-0.log
11 silly logfile start cleaning logs, removing 1 files
12 silly logfile done cleaning log files
13 silly packumentCache heap:1174405120 maxSize:293601280 maxEntrySize:146800640
14 silly idealTree buildDeps
15 verbose shrinkwrap failed to load node_modules/.package-lock.json out of date, updated: node_modules
16 silly reify moves {}
17 silly audit bulk request {
17 silly audit   '@alloc/quick-lru': [ '5.2.0' ],
17 silly audit   '@babel/code-frame': [ '7.29.7' ],
17 silly audit   '@babel/compat-data': [ '7.29.7' ],
17 silly audit   '@babel/core': [ '7.29.7' ],
17 silly audit   '@babel/generator': [ '7.29.7' ],
17 silly audit   '@babel/helper-compilation-targets': [ '7.29.7' ],
17 silly audit   '@babel/helper-globals': [ '7.29.7' ],
17 silly audit   '@babel/helper-module-imports': [ '7.29.7' ],
17 silly audit   '@babel/helper-module-transforms': [ '7.29.7' ],
17 silly audit   '@babel/helper-plugin-utils': [ '7.29.7' ],
17 silly audit   '@babel/helper-string-parser': [ '7.29.7' ],
17 silly audit   '@babel/helper-validator-identifier': [ '7.29.7' ],
17 silly audit   '@babel/helper-validator-option': [ '7.29.7' ],
17 silly audit   '@babel/helpers': [ '7.29.7' ],
17 silly audit   '@babel/parser': [ '7.29.7' ],
17 silly audit   '@babel/plugin-transform-react-jsx-self': [ '7.29.7' ],
17 silly audit   '@babel/plugin-transform-react-jsx-source': [ '7.29.7' ],
17 silly audit   '@babel/runtime': [ '7.29.7' ],
17 silly audit   '@babel/template': [ '7.29.7' ],
17 silly audit   '@babel/traverse': [ '7.29.7' ],
17 silly audit   '@babel/types': [ '7.29.7' ],
17 silly audit   '@esbuild/aix-ppc64': [ '0.21.5' ],
17 silly audit   '@esbuild/android-arm': [ '0.21.5' ],
17 silly audit   '@esbuild/android-arm64': [ '0.21.5' ],
17 silly audit   '@esbuild/android-x64': [ '0.21.5' ],
17 silly audit   '@esbuild/darwin-arm64': [ '0.21.5' ],
17 silly audit   '@esbuild/darwin-x64': [ '0.21.5' ],
17 silly audit   '@esbuild/freebsd-arm64': [ '0.21.5' ],
17 silly audit   '@esbuild/freebsd-x64': [ '0.21.5' ],
17 silly audit   '@esbuild/linux-arm': [ '0.21.5' ],
17 silly audit   '@esbuild/linux-arm64': [ '0.21.5' ],
17 silly audit   '@esbuild/linux-ia32': [ '0.21.5' ],
17 silly audit   '@esbuild/linux-loong64': [ '0.21.5' ],
17 silly audit   '@esbuild/linux-mips64el': [ '0.21.5' ],
17 silly audit   '@esbuild/linux-ppc64': [ '0.21.5' ],
17 silly audit   '@esbuild/linux-riscv64': [ '0.21.5' ],
17 silly audit   '@esbuild/linux-s390x': [ '0.21.5' ],
17 silly audit   '@esbuild/linux-x64': [ '0.21.5' ],
17 silly audit   '@esbuild/netbsd-x64': [ '0.21.5' ],
17 silly audit   '@esbuild/openbsd-x64': [ '0.21.5' ],
17 silly audit   '@esbuild/sunos-x64': [ '0.21.5' ],
17 silly audit   '@esbuild/win32-arm64': [ '0.21.5' ],
17 silly audit   '@esbuild/win32-ia32': [ '0.21.5' ],
17 silly audit   '@esbuild/win32-x64': [ '0.21.5' ],
17 silly audit   '@jridgewell/gen-mapping': [ '0.3.13' ],
17 silly audit   '@jridgewell/remapping': [ '2.3.5' ],
17 silly audit   '@jridgewell/resolve-uri': [ '3.1.2' ],
17 silly audit   '@jridgewell/sourcemap-codec': [ '1.5.5' ],
17 silly audit   '@jridgewell/trace-mapping': [ '0.3.31' ],
17 silly audit   '@nodelib/fs.scandir': [ '2.1.5' ],
17 silly audit   '@nodelib/fs.stat': [ '2.0.5' ],
17 silly audit   '@nodelib/fs.walk': [ '1.2.8' ],
17 silly audit   '@remix-run/router': [ '1.23.3' ],
17 silly audit   '@rollup/rollup-android-arm-eabi': [ '4.62.2' ],
17 silly audit   '@rollup/rollup-android-arm64': [ '4.62.2' ],
17 silly audit   '@rollup/rollup-darwin-arm64': [ '4.62.2' ],
17 silly audit   '@rollup/rollup-darwin-x64': [ '4.62.2' ],
17 silly audit   '@rollup/rollup-freebsd-arm64': [ '4.62.2' ],
17 silly audit   '@rollup/rollup-freebsd-x64': [ '4.62.2' ],
17 silly audit   '@rollup/rollup-linux-arm-gnueabihf': [ '4.62.2' ],
17 silly audit   '@rollup/rollup-linux-arm-musleabihf': [ '4.62.2' ],
17 silly audit   '@rollup/rollup-linux-arm64-gnu': [ '4.62.2' ],
17 silly audit   '@rollup/rollup-linux-arm64-musl': [ '4.62.2' ],
17 silly audit   '@rollup/rollup-linux-loong64-gnu': [ '4.62.2' ],
17 silly audit   '@rollup/rollup-linux-loong64-musl': [ '4.62.2' ],
17 silly audit   '@rollup/rollup-linux-ppc64-gnu': [ '4.62.2' ],
17 silly audit   '@rollup/rollup-linux-ppc64-musl': [ '4.62.2' ],
17 silly audit   '@rollup/rollup-linux-riscv64-gnu': [ '4.62.2' ],
17 silly audit   '@rollup/rollup-linux-riscv64-musl': [ '4.62.2' ],
17 silly audit   '@rollup/rollup-linux-s390x-gnu': [ '4.62.2' ],
17 silly audit   '@rollup/rollup-linux-x64-gnu': [ '4.62.2' ],
17 silly audit   '@rollup/rollup-linux-x64-musl': [ '4.62.2' ],
17 silly audit   '@rollup/rollup-openbsd-x64': [ '4.62.2' ],
17 silly audit   '@rollup/rollup-openharmony-arm64': [ '4.62.2' ],
17 silly audit   '@rollup/rollup-win32-arm64-msvc': [ '4.62.2' ],
17 silly audit   '@rollup/rollup-win32-ia32-msvc': [ '4.62.2' ],
17 silly audit   '@rollup/rollup-win32-x64-gnu': [ '4.62.2' ],
17 silly audit   '@rollup/rollup-win32-x64-msvc': [ '4.62.2' ],
17 silly audit   '@supabase/auth-js': [ '2.110.2' ],
17 silly audit   '@supabase/functions-js': [ '2.110.2' ],
17 silly audit   '@supabase/phoenix': [ '0.4.4' ],
17 silly audit   '@supabase/postgrest-js': [ '2.110.2' ],
17 silly audit   '@supabase/realtime-js': [ '2.110.2' ],
17 silly audit   '@supabase/storage-js': [ '2.110.2' ],
17 silly audit   '@supabase/supabase-js': [ '2.110.2' ],
17 silly audit   '@types/babel__core': [ '7.20.5' ],
17 silly audit   '@types/babel__generator': [ '7.27.0' ],
17 silly audit   '@types/babel__template': [ '7.4.4' ],
17 silly audit   '@types/babel__traverse': [ '7.28.0' ],
17 silly audit   '@types/estree': [ '1.0.9' ],
17 silly audit   '@types/node': [ '26.1.1' ],
17 silly audit   '@types/prop-types': [ '15.7.15' ],
17 silly audit   '@types/qrcode': [ '1.5.6' ],
17 silly audit   '@types/raf': [ '3.4.3' ],
17 silly audit   '@types/react': [ '18.3.31' ],
17 silly audit   '@types/react-dom': [ '18.3.7' ],
17 silly audit   '@vitejs/plugin-react': [ '4.3.4' ],
17 silly audit   'ansi-regex': [ '5.0.1' ],
17 silly audit   'ansi-styles': [ '4.3.0' ],
17 silly audit   'any-promise': [ '1.3.0' ],
17 silly audit   anymatch: [ '3.1.3' ],
17 silly audit   arg: [ '5.0.2' ],
17 silly audit   atob: [ '2.1.2' ],
17 silly audit   autoprefixer: [ '10.5.2' ],
17 silly audit   'base64-arraybuffer': [ '1.0.2' ],
17 silly audit   'baseline-browser-mapping': [ '2.10.43' ],
17 silly audit   'binary-extensions': [ '2.3.0' ],
17 silly audit   braces: [ '3.0.3' ],
17 silly audit   browserslist: [ '4.28.6' ],
17 silly audit   btoa: [ '1.2.1' ],
17 silly audit   camelcase: [ '5.3.1' ],
17 silly audit   'camelcase-css': [ '2.0.1' ],
17 silly audit   'caniuse-lite': [ '1.0.30001805' ],
17 silly audit   canvg: [ '3.0.11' ],
17 silly audit   chokidar: [ '3.6.0' ],
17 silly audit   'glob-parent': [ '5.1.2', '6.0.2' ],
17 silly audit   cliui: [ '6.0.0' ],
17 silly audit   clsx: [ '2.1.1' ],
17 silly audit   'color-convert': [ '2.0.1' ],
17 silly audit   'color-name': [ '1.1.4' ],
17 silly audit   commander: [ '4.1.1' ],
17 silly audit   'convert-source-map': [ '2.0.0' ],
17 silly audit   'core-js': [ '3.49.0' ],
17 silly audit   'css-line-break': [ '2.1.0' ],
17 silly audit   cssesc: [ '3.0.0' ],
17 silly audit   csstype: [ '3.2.3' ],
17 silly audit   debug: [ '4.4.3' ],
17 silly audit   decamelize: [ '1.2.0' ],
17 silly audit   didyoumean: [ '1.2.2' ],
17 silly audit   dijkstrajs: [ '1.0.3' ],
17 silly audit   dlv: [ '1.1.3' ],
17 silly audit   dompurify: [ '2.5.9' ],
17 silly audit   'electron-to-chromium': [ '1.5.389' ],
17 silly audit   'emoji-regex': [ '8.0.0' ],
17 silly audit   'es-errors': [ '1.3.0' ],
17 silly audit   esbuild: [ '0.21.5' ],
17 silly audit   escalade: [ '3.2.0' ],
17 silly audit   'fast-glob': [ '3.3.3' ],
17 silly audit   fastq: [ '1.20.1' ],
17 silly audit   fflate: [ '0.8.3' ],
17 silly audit   'fill-range': [ '7.1.1' ],
17 silly audit   'find-up': [ '4.1.0' ],
17 silly audit   'fraction.js': [ '5.3.4' ],
17 silly audit   fsevents: [ '2.3.3' ],
17 silly audit   'function-bind': [ '1.1.2' ],
17 silly audit   gensync: [ '1.0.0-beta.2' ],
17 silly audit   'get-caller-file': [ '2.0.5' ],
17 silly audit   hasown: [ '2.0.4' ],
17 silly audit   html2canvas: [ '1.4.1' ],
17 silly audit   'iceberg-js': [ '0.8.1' ],
17 silly audit   'is-binary-path': [ '2.1.0' ],
17 silly audit   'is-core-module': [ '2.16.2' ],
17 silly audit   'is-extglob': [ '2.1.1' ],
17 silly audit   'is-fullwidth-code-point': [ '3.0.0' ],
17 silly audit   'is-glob': [ '4.0.3' ],
17 silly audit   'is-number': [ '7.0.0' ],
17 silly audit   jiti: [ '1.21.7' ],
17 silly audit   'js-tokens': [ '4.0.0' ],
17 silly audit   jsesc: [ '3.1.0' ],
17 silly audit   json5: [ '2.2.3' ],
17 silly audit   jspdf: [ '2.5.2' ],
17 silly audit   'jspdf-autotable': [ '3.8.4' ],
17 silly audit   lilconfig: [ '3.1.3' ],
17 silly audit   'lines-and-columns': [ '1.2.4' ],
17 silly audit   'locate-path': [ '5.0.0' ],
17 silly audit   'loose-envify': [ '1.4.0' ],
17 silly audit   'lru-cache': [ '5.1.1' ],
17 silly audit   'lucide-react': [ '0.400.0' ],
17 silly audit   merge2: [ '1.4.1' ],
17 silly audit   micromatch: [ '4.0.8' ],
17 silly audit   ms: [ '2.1.3' ],
17 silly audit   mz: [ '2.7.0' ],
17 silly audit   nanoid: [ '3.3.16' ],
17 silly audit   'node-releases': [ '2.0.51' ],
17 silly audit   'normalize-path': [ '3.0.0' ],
17 silly audit   'object-assign': [ '4.1.1' ],
17 silly audit   'object-hash': [ '3.0.0' ],
17 silly audit   'p-limit': [ '2.3.0' ],
17 silly audit   'p-locate': [ '4.1.0' ],
17 silly audit   'p-try': [ '2.2.0' ],
17 silly audit   'path-exists': [ '4.0.0' ],
17 silly audit   'path-parse': [ '1.0.7' ],
17 silly audit   'performance-now': [ '2.1.0' ],
17 silly audit   picocolors: [ '1.1.1' ],
17 silly audit   picomatch: [ '2.3.2', '4.0.5' ],
17 silly audit   pify: [ '2.3.0' ],
17 silly audit   pirates: [ '4.0.7' ],
17 silly audit   pngjs: [ '5.0.0' ],
17 silly audit   postcss: [ '8.5.18' ],
17 silly audit   'postcss-import': [ '15.1.0' ],
17 silly audit   'postcss-js': [ '4.1.0' ],
17 silly audit   'postcss-load-config': [ '6.0.1' ],
17 silly audit   'postcss-nested': [ '6.2.0' ],
17 silly audit   'postcss-selector-parser': [ '6.1.4' ],
17 silly audit   'postcss-value-parser': [ '4.2.0' ],
17 silly audit   qrcode: [ '1.5.4' ],
17 silly audit   'queue-microtask': [ '1.2.3' ],
17 silly audit   raf: [ '3.4.1' ],
17 silly audit   react: [ '18.3.1' ],
17 silly audit   'react-dom': [ '18.3.1' ],
17 silly audit   'react-refresh': [ '0.14.2' ],
17 silly audit   'react-router': [ '6.30.4' ],
17 silly audit   'react-router-dom': [ '6.30.4' ],
17 silly audit   'read-cache': [ '1.0.0' ],
17 silly audit   readdirp: [ '3.6.0' ],
17 silly audit   'regenerator-runtime': [ '0.13.11' ],
17 silly audit   'require-directory': [ '2.1.1' ],
17 silly audit   'require-main-filename': [ '2.0.0' ],
17 silly audit   resolve: [ '1.22.12' ],
17 silly audit   reusify: [ '1.1.0' ],
17 silly audit   rgbcolor: [ '1.0.1' ],
17 silly audit   rollup: [ '4.62.2' ],
17 silly audit   'run-parallel': [ '1.2.0' ],
17 silly audit   scheduler: [ '0.23.2' ],
17 silly audit   semver: [ '6.3.1' ],
17 silly audit   'set-blocking': [ '2.0.0' ],
17 silly audit   'source-map-js': [ '1.2.1' ],
17 silly audit   'stackblur-canvas': [ '2.7.0' ],
17 silly audit   'string-width': [ '4.2.3' ],
17 silly audit   'strip-ansi': [ '6.0.1' ],
17 silly audit   sucrase: [ '3.35.1' ],
17 silly audit   'supports-preserve-symlinks-flag': [ '1.0.0' ],
17 silly audit   'svg-pathdata': [ '6.0.3' ],
17 silly audit   'tailwind-merge': [ '2.6.1' ],
17 silly audit   tailwindcss: [ '3.4.19' ],
17 silly audit   'text-segmentation': [ '1.0.3' ],
17 silly audit   thenify: [ '3.3.1' ],
17 silly audit   'thenify-all': [ '1.6.0' ],
17 silly audit   tinyglobby: [ '0.2.17' ],
17 silly audit   fdir: [ '6.5.0' ],
17 silly audit   'to-regex-range': [ '5.0.1' ],
17 silly audit   'ts-interface-checker': [ '0.1.13' ],
17 silly audit   tslib: [ '2.8.1' ],
17 silly audit   typescript: [ '5.9.3' ],
17 silly audit   'undici-types': [ '8.3.0' ],
17 silly audit   'update-browserslist-db': [ '1.2.3' ],
17 silly audit   'util-deprecate': [ '1.0.2' ],
17 silly audit   utrie: [ '1.0.2' ],
17 silly audit   vite: [ '5.4.21' ],
17 silly audit   'which-module': [ '2.0.1' ],
17 silly audit   'wrap-ansi': [ '6.2.0' ],
17 silly audit   y18n: [ '4.0.3' ],
17 silly audit   yallist: [ '3.1.1' ],
17 silly audit   yargs: [ '15.4.1' ],
17 silly audit   'yargs-parser': [ '18.1.3' ]
17 silly audit }
18 http fetch POST 200 https://registry.npmjs.org/-/npm/v1/security/advisories/bulk 1209ms
19 silly audit report {
19 silly audit report   dompurify: [
19 silly audit report     {
19 silly audit report       id: 1105772,
19 silly audit report       url: 'https://github.com/advisories/GHSA-vhxf-7vqr-mrjg',
19 silly audit report       title: 'DOMPurify allows Cross-site Scripting (XSS)',
19 silly audit report       severity: 'moderate',
19 silly audit report       vulnerable_versions: '<3.2.4',
19 silly audit report       cwe: [Array],
19 silly audit report       cvss: [Object]
19 silly audit report     },
19 silly audit report     {
19 silly audit report       id: 1120802,
19 silly audit report       url: 'https://github.com/advisories/GHSA-hpcv-96wg-7vj8',
19 silly audit report       title: 'DOMPurify: Cross-realm IN_PLACE sanitization leaves executable markup intact via realm-bound `instanceof` checks',
19 silly audit report       severity: 'moderate',
19 silly audit report       vulnerable_versions: '<=3.4.5',
19 silly audit report       cwe: [Array],
19 silly audit report       cvss: [Object]
19 silly audit report     },
19 silly audit report     {
19 silly audit report       id: 1120803,
19 silly audit report       url: 'https://github.com/advisories/GHSA-r47g-fvhr-h676',
19 silly audit report       title: 'DOMPurify: IN_PLACE mode preserves attributes of a clobbered root element, allowing XSS via attacker-controlled root DOM',
19 silly audit report       severity: 'moderate',
19 silly audit report       vulnerable_versions: '<=3.4.5',
19 silly audit report       cwe: [Array],
19 silly audit report       cvss: [Object]
19 silly audit report     },
19 silly audit report     {
19 silly audit report       id: 1120813,
19 silly audit report       url: 'https://github.com/advisories/GHSA-rp9w-3fw7-7cwq',
19 silly audit report       title: 'DOMPurify IN_PLACE Sanitization Bypass via Attached Shadow Root Inside <template>.content',
19 silly audit report       severity: 'moderate',
19 silly audit report       vulnerable_versions: '<=3.4.6',
19 silly audit report       cwe: [Array],
19 silly audit report       cvss: [Object]
19 silly audit report     },
19 silly audit report     {
19 silly audit report       id: 1117138,
19 silly audit report       url: 'https://github.com/advisories/GHSA-h7mw-gpvr-xq4m',
19 silly audit report       title: 'DOMPurify: FORBID_TAGS bypassed by function-based ADD_TAGS predicate (asymmetry with FORBID_ATTR fix)',
19 silly audit report       severity: 'moderate',
19 silly audit report       vulnerable_versions: '<3.4.0',
19 silly audit report       cwe: [Array],
19 silly audit report       cvss: [Object]
19 silly audit report     },
19 silly audit report     {
19 silly audit report       id: 1117139,
19 silly audit report       url: 'https://github.com/advisories/GHSA-crv5-9vww-q3g8',
19 silly audit report       title: 'DOMPurify has a SAFE_FOR_TEMPLATES bypass in RETURN_DOM mode',
19 silly audit report       severity: 'moderate',
19 silly audit report       vulnerable_versions: '>=1.0.10 <3.4.0',
19 silly audit report       cwe: [Array],
19 silly audit report       cvss: [Object]
19 silly audit report     },
19 silly audit report     {
19 silly audit report       id: 1124022,
19 silly audit report       url: 'https://github.com/advisories/GHSA-c2j3-45gr-mqc4',
19 silly audit report       title: 'DOMPurify: `CUSTOM_ELEMENT_HANDLING` bypasses `afterSanitizeElements` for allowed custom elements.',
19 silly audit report       severity: 'low',
19 silly audit report       vulnerable_versions: '<=3.4.11',
19 silly audit report       cwe: [Array],
19 silly audit report       cvss: [Object]
19 silly audit report     },
19 silly audit report     {
19 silly audit report       id: 1124233,
19 silly audit report       url: 'https://github.com/advisories/GHSA-cmwh-pvxp-8882',
19 silly audit report       title: 'DOMPurify: Permanent `ALLOWED_ATTR` pollution via `setConfig()` bypassing the hook clone-guard (incomplete fix of the 3.4.7 hook-pollution patch)',
19 silly audit report       severity: 'moderate',
19 silly audit report       vulnerable_versions: '<=3.4.10',
19 silly audit report       cwe: [Array],
19 silly audit report       cvss: [Object]
19 silly audit report     },
19 silly audit report     {
19 silly audit report       id: 1124234,
19 silly audit report       url: 'https://github.com/advisories/GHSA-vxr8-fq34-vvx9',
19 silly audit report       title: 'DOMPurify: Trusted Types policy survives `clearConfig()` and can poison later `RETURN_TRUSTED_TYPE` output',
19 silly audit report       severity: 'low',
19 silly audit report       vulnerable_versions: '<3.4.9',
19 silly audit report       cwe: [Array],
19 silly audit report       cvss: [Object]
19 silly audit report     },
19 silly audit report     {
19 silly audit report       id: 1124236,
19 silly audit report       url: 'https://github.com/advisories/GHSA-x4vx-rjvf-j5p4',
19 silly audit report       title: 'DOMPurify: `IN_PLACE` mode trusts attacker-controlled `nodeName` on live non-form nodes, allowing script retention and XSS via attacker-supplied DOM objects',
19 silly audit report       severity: 'low',
19 silly audit report       vulnerable_versions: '<=3.4.6',
19 silly audit report       cwe: [Array],
19 silly audit report       cvss: [Object]
19 silly audit report     },
19 silly audit report     {
19 silly audit report       id: 1124237,
19 silly audit report       url: 'https://github.com/advisories/GHSA-76mc-f452-cxcm',
19 silly audit report       title: 'DOMPurify: Hook mutation of `data.allowedTags` / `data.allowedAttributes` permanently pollutes `DEFAULT_ALLOWED_TAGS` / `DEFAULT_ALLOWED_ATTR`',
19 silly audit report       severity: 'moderate',
19 silly audit report       vulnerable_versions: '<3.4.7',
19 silly audit report       cwe: [Array],
19 silly audit report       cvss: [Object]
19 silly audit report     },
19 silly audit report     {
19 silly audit report       id: 1124238,
19 silly audit report       url: 'https://github.com/advisories/GHSA-39q2-94rc-95cp',
19 silly audit report       title: "DOMPurify's ADD_TAGS function form bypasses FORBID_TAGS due to short-circuit evaluation",
19 silly audit report       severity: 'moderate',
19 silly audit report       vulnerable_versions: '<=3.3.3',
19 silly audit report       cwe: [Array],
19 silly audit report       cvss: [Object]
19 silly audit report     },
19 silly audit report     {
19 silly audit report       id: 1124239,
19 silly audit report       url: 'https://github.com/advisories/GHSA-cjmm-f4jc-qw8r',
19 silly audit report       title: 'DOMPurify ADD_ATTR predicate skips URI validation',
19 silly audit report       severity: 'moderate',
19 silly audit report       vulnerable_versions: '<=3.3.1',
19 silly audit report       cwe: [Array],
19 silly audit report       cvss: [Object]
19 silly audit report     },
19 silly audit report     {
19 silly audit report       id: 1124240,
19 silly audit report       url: 'https://github.com/advisories/GHSA-cj63-jhhr-wcxv',
19 silly audit report       title: 'DOMPurify USE_PROFILES prototype pollution allows event handlers',
19 silly audit report       severity: 'moderate',
19 silly audit report       vulnerable_versions: '<=3.3.1',
19 silly audit report       cwe: [Array],
19 silly audit report       cvss: [Object]
19 silly audit report     },
19 silly audit report     {
19 silly audit report       id: 1124241,
19 silly audit report       url: 'https://github.com/advisories/GHSA-h8r8-wccr-v5f2',
19 silly audit report       title: 'DOMPurify is vulnerable to mutation-XSS via Re-Contextualization ',
19 silly audit report       severity: 'moderate',
19 silly audit report       vulnerable_versions: '<3.3.2',
19 silly audit report       cwe: [Array],
19 silly audit report       cvss: [Object]
19 silly audit report     }
19 silly audit report   ],
19 silly audit report   esbuild: [
19 silly audit report     {
19 silly audit report       id: 1102341,
19 silly audit report       url: 'https://github.com/advisories/GHSA-67mh-4wv8-2f99',
19 silly audit report       title: 'esbuild enables any website to send any requests to the development server and read the response',
19 silly audit report       severity: 'moderate',
19 silly audit report       vulnerable_versions: '<=0.24.2',
19 silly audit report       cwe: [Array],
19 silly audit report       cvss: [Object]
19 silly audit report     }
19 silly audit report   ],
19 silly audit report   jspdf: [
19 silly audit report     {
19 silly audit report       id: 1103308,
19 silly audit report       url: 'https://github.com/advisories/GHSA-w532-jxjh-hjhj',
19 silly audit report       title: 'jsPDF Bypass Regular Expression Denial of Service (ReDoS)',
19 silly audit report       severity: 'high',
19 silly audit report       vulnerable_versions: '<3.0.1',
19 silly audit report       cwe: [Array],
19 silly audit report       cvss: [Object]
19 silly audit report     },
19 silly audit report     {
19 silly audit report       id: 1107412,
19 silly audit report       url: 'https://github.com/advisories/GHSA-8mvj-3j78-4qmw',
19 silly audit report       title: 'jsPDF Denial of Service (DoS)',
19 silly audit report       severity: 'high',
19 silly audit report       vulnerable_versions: '<=3.0.1',
19 silly audit report       cwe: [Array],
19 silly audit report       cvss: [Object]
19 silly audit report     },
19 silly audit report     {
19 silly audit report       id: 1112264,
19 silly audit report       url: 'https://github.com/advisories/GHSA-f8cm-6447-x5h2',
19 silly audit report       title: 'jsPDF has Local File Inclusion/Path Traversal vulnerability',
19 silly audit report       severity: 'critical',
19 silly audit report       vulnerable_versions: '<=3.0.4',
19 silly audit report       cwe: [Array],
19 silly audit report       cvss: [Object]
19 silly audit report     },
19 silly audit report     {
19 silly audit report       id: 1112801,
19 silly audit report       url: 'https://github.com/advisories/GHSA-pqxr-3g65-p328',
19 silly audit report       title: 'jsPDF has PDF Injection in AcroFormChoiceField that allows Arbitrary JavaScript Execution',
19 silly audit report       severity: 'high',
19 silly audit report       vulnerable_versions: '<=4.0.0',
19 silly audit report       cwe: [Array],
19 silly audit report       cvss: [Object]
19 silly audit report     },
19 silly audit report     {
19 silly audit report       id: 1112802,
19 silly audit report       url: 'https://github.com/advisories/GHSA-95fx-jjr5-f39c',
19 silly audit report       title: 'jsPDF Vulnerable to Denial of Service (DoS) via Unvalidated BMP Dimensions in BMPDecoder',
19 silly audit report       severity: 'high',
19 silly audit report       vulnerable_versions: '<=4.0.0',
19 silly audit report       cwe: [Array],
19 silly audit report       cvss: [Object]
19 silly audit report     },
19 silly audit report     {
19 silly audit report       id: 1112803,
19 silly audit report       url: 'https://github.com/advisories/GHSA-vm32-vv63-w422',
19 silly audit report       title: 'jsPDF Vulnerable to Stored XMP Metadata Injection (Spoofing & Integrity Violation)',
19 silly audit report       severity: 'moderate',
19 silly audit report       vulnerable_versions: '<=4.0.0',
19 silly audit report       cwe: [Array],
19 silly audit report       cvss: [Object]
19 silly audit report     },
19 silly audit report     {
19 silly audit report       id: 1112804,
19 silly audit report       url: 'https://github.com/advisories/GHSA-cjw8-79x6-5cj4',
19 silly audit report       title: 'jsPDF has Shared State Race Condition in addJS Plugin',
19 silly audit report       severity: 'moderate',
19 silly audit report       vulnerable_versions: '<=4.0.0',
19 silly audit report       cwe: [Array],
19 silly audit report       cvss: [Object]
19 silly audit report     },
19 silly audit report     {
19 silly audit report       id: 1113310,
19 silly audit report       url: 'https://github.com/advisories/GHSA-9vjf-qc39-jprp',
19 silly audit report       title: 'jsPDF has a PDF Object Injection via Unsanitized Input in addJS Method',
19 silly audit report       severity: 'high',
19 silly audit report       vulnerable_versions: '<4.2.0',
19 silly audit report       cwe: [Array],
19 silly audit report       cvss: [Object]
19 silly audit report     },
19 silly audit report     {
19 silly audit report       id: 1113324,
19 silly audit report       url: 'https://github.com/advisories/GHSA-67pg-wm7f-q7fj',
19 silly audit report       title: 'jsPDF Affected by Client-Side/Server-Side Denial of Service via Malicious GIF Dimensions',
19 silly audit report       severity: 'high',
19 silly audit report       vulnerable_versions: '<4.2.0',
19 silly audit report       cwe: [Array],
19 silly audit report       cvss: [Object]
19 silly audit report     },
19 silly audit report     {
19 silly audit report       id: 1114396,
19 silly audit report       url: 'https://github.com/advisories/GHSA-p5xg-68wr-hm3m',
19 silly audit report       title: 'jsPDF has a PDF Injection in AcroForm module allows Arbitrary JavaScript Execution (RadioButton.createOption and "AS" property)',
19 silly audit report       severity: 'high',
19 silly audit report       vulnerable_versions: '<4.2.0',
19 silly audit report       cwe: [Array],
19 silly audit report       cvss: [Object]
19 silly audit report     },
19 silly audit report     {
19 silly audit report       id: 1114950,
19 silly audit report       url: 'https://github.com/advisories/GHSA-7x6v-j9x4-qf24',
19 silly audit report       title: 'jsPDF has a PDF Object Injection via FreeText color',
19 silly audit report       severity: 'high',
19 silly audit report       vulnerable_versions: '<=4.2.0',
19 silly audit report       cwe: [Array],
19 silly audit report       cvss: [Object]
19 silly audit report     },
19 silly audit report     {
19 silly audit report       id: 1114974,
19 silly audit report       url: 'https://github.com/advisories/GHSA-wfv2-pwc8-crg5',
19 silly audit report       title: 'jsPDF has HTML Injection in New Window paths',
19 silly audit report       severity: 'critical',
19 silly audit report       vulnerable_versions: '<=4.2.0',
19 silly audit report       cwe: [Array],
19 silly audit report       cvss: [Object]
19 silly audit report     }
19 silly audit report   ],
19 silly audit report   'react-router': [
19 silly audit report     {
19 silly audit report       id: 1124268,
19 silly audit report       url: 'https://github.com/advisories/GHSA-wrjc-x8rr-h8h6',
19 silly audit report       title: 'React Router: Open redirect via backslash in <Link> and useNavigate (CVE-2025-68470 bypass)',
19 silly audit report       severity: 'moderate',
19 silly audit report       vulnerable_versions: '>=6.0.0 <7.18.0',
19 silly audit report       cwe: [Array],
19 silly audit report       cvss: [Object]
19 silly audit report     },
19 silly audit report     {
19 silly audit report       id: 1124272,
19 silly audit report       url: 'https://github.com/advisories/GHSA-337j-9hxr-rhxg',
19 silly audit report       title: 'React Router: Arbitrary Constructor Injection via deserializeErrors() in React Router SSR Hydration',
19 silly audit report       severity: 'moderate',
19 silly audit report       vulnerable_versions: '>=6.4.0 <7.18.0',
19 silly audit report       cwe: [Array],
19 silly audit report       cvss: [Object]
19 silly audit report     }
19 silly audit report   ],
19 silly audit report   'react-router-dom': [
19 silly audit report     {
19 silly audit report       id: 1124270,
19 silly audit report       url: 'https://github.com/advisories/GHSA-jjmj-jmhj-qwj2',
19 silly audit report       title: 'React Router: Open redirect leading to XSS',
19 silly audit report       severity: 'moderate',
19 silly audit report       vulnerable_versions: '>=6.30.2 <=6.30.4',
19 silly audit report       cwe: [Array],
19 silly audit report       cvss: [Object]
19 silly audit report     }
19 silly audit report   ],
19 silly audit report   vite: [
19 silly audit report     {
19 silly audit report       id: 1120784,
19 silly audit report       url: 'https://github.com/advisories/GHSA-v6wh-96g9-6wx3',
19 silly audit report       title: 'launch-editor: NTLMv2 hash disclosure via UNC path handling on Windows',
19 silly audit report       severity: 'moderate',
19 silly audit report       vulnerable_versions: '<=6.4.2',
19 silly audit report       cwe: [Array],
19 silly audit report       cvss: [Object]
19 silly audit report     },
19 silly audit report     {
19 silly audit report       id: 1116229,
19 silly audit report       url: 'https://github.com/advisories/GHSA-4w7w-66w2-5vf9',
19 silly audit report       title: 'Vite Vulnerable to Path Traversal in Optimized Deps `.map` Handling',
19 silly audit report       severity: 'moderate',
19 silly audit report       vulnerable_versions: '<=6.4.1',
19 silly audit report       cwe: [Array],
19 silly audit report       cvss: [Object]
19 silly audit report     },
19 silly audit report     {
19 silly audit report       id: 1123525,
19 silly audit report       url: 'https://github.com/advisories/GHSA-fx2h-pf6j-xcff',
19 silly audit report       title: 'vite: `server.fs.deny` bypass on Windows alternate paths',
19 silly audit report       severity: 'high',
19 silly audit report       vulnerable_versions: '<=6.4.2',
19 silly audit report       cwe: [Array],
19 silly audit report       cvss: [Object]
19 silly audit report     }
19 silly audit report   ]
19 silly audit report }
20 silly packumentCache corgi:https://registry.npmjs.org/dompurify cache-miss
21 silly packumentCache corgi:https://registry.npmjs.org/esbuild cache-miss
22 silly packumentCache corgi:https://registry.npmjs.org/jspdf cache-miss
23 silly packumentCache corgi:https://registry.npmjs.org/react-router cache-miss
24 silly packumentCache corgi:https://registry.npmjs.org/react-router-dom cache-miss
25 silly packumentCache corgi:https://registry.npmjs.org/vite cache-miss
26 http fetch GET 200 https://registry.npmjs.org/esbuild 208ms (cache revalidated)
27 silly packumentCache corgi:https://registry.npmjs.org/esbuild set size:887361 disposed:false
28 http fetch GET 200 https://registry.npmjs.org/react-router 397ms (cache revalidated)
29 silly packumentCache corgi:https://registry.npmjs.org/react-router set size:1346231 disposed:false
30 http fetch GET 200 https://registry.npmjs.org/react-router-dom 609ms (cache revalidated)
31 silly packumentCache corgi:https://registry.npmjs.org/react-router-dom set size:1061588 disposed:false
32 http fetch GET 200 https://registry.npmjs.org/jspdf 812ms (cache revalidated)
33 silly packumentCache corgi:https://registry.npmjs.org/jspdf set size:68277 disposed:false
34 http fetch GET 200 https://registry.npmjs.org/dompurify 833ms (cache revalidated)
35 silly packumentCache corgi:https://registry.npmjs.org/dompurify set size:255054 disposed:false
36 http fetch GET 200 https://registry.npmjs.org/vite 857ms (cache revalidated)
37 silly packumentCache corgi:https://registry.npmjs.org/vite set size:2288699 disposed:false
38 silly packumentCache corgi:https://registry.npmjs.org/jspdf-autotable cache-miss
39 http fetch GET 200 https://registry.npmjs.org/jspdf-autotable 353ms (cache revalidated)
40 silly packumentCache corgi:https://registry.npmjs.org/jspdf-autotable set size:194991 disposed:false
41 silly packumentCache corgi:https://registry.npmjs.org/@vitejs%2fplugin-react cache-miss
42 http fetch GET 200 https://registry.npmjs.org/@vitejs%2fplugin-react 101ms (cache revalidated)
43 silly packumentCache corgi:https://registry.npmjs.org/@vitejs%2fplugin-react set size:116307 disposed:false
44 warn install-scripts 2 packages had install scripts blocked because they are not covered by allowScripts:
44 warn install-scripts   core-js@3.49.0 (postinstall: node -e "try{require('./postinstall')}catch(e){}")
44 warn install-scripts   esbuild@0.21.5 (postinstall: node install.js)
44 warn install-scripts
44 warn install-scripts Run `npm install-scripts ls` to review, or `npm install-scripts approve <pkg>` to allow.
45 verbose cwd /data/data/com.termux/files/home/vattams-home-services-admin
46 verbose os Linux 4.19.157-perf+
47 verbose node v26.3.1
48 verbose npm  v12.0.1
49 verbose exit 0
50 info ok
