0 verbose cli /data/data/com.termux/files/usr/bin/node /data/data/com.termux/files/usr/bin/npm
1 info using npm@12.0.1
2 info using node@v26.3.1
3 silly config load:file:/data/data/com.termux/files/usr/lib/node_modules/npm/npmrc
4 silly config load:file:/storage/emulated/0/Download/vattams-home-services-admin/.npmrc
5 silly config load:file:/data/data/com.termux/files/home/.npmrc
6 silly config load:file:/data/data/com.termux/files/usr/etc/npmrc
7 verbose title npm install
8 verbose argv "install"
9 verbose logfile logs-max:10 dir:/data/data/com.termux/files/home/.npm/_logs/2026-07-25T21_40_42_631Z-
10 verbose logfile /data/data/com.termux/files/home/.npm/_logs/2026-07-25T21_40_42_631Z-debug-0.log
11 silly logfile start cleaning logs, removing 1 files
12 silly logfile done cleaning log files
13 silly packumentCache heap:1174405120 maxSize:293601280 maxEntrySize:146800640
14 silly idealTree buildDeps
15 silly reify moves {}
16 silly audit bulk request {
16 silly audit   '@alloc/quick-lru': [ '5.2.0' ],
16 silly audit   '@babel/code-frame': [ '7.29.7' ],
16 silly audit   '@babel/compat-data': [ '7.29.7' ],
16 silly audit   '@babel/core': [ '7.29.7' ],
16 silly audit   '@babel/generator': [ '7.29.7' ],
16 silly audit   '@babel/helper-compilation-targets': [ '7.29.7' ],
16 silly audit   '@babel/helper-globals': [ '7.29.7' ],
16 silly audit   '@babel/helper-module-imports': [ '7.29.7' ],
16 silly audit   '@babel/helper-module-transforms': [ '7.29.7' ],
16 silly audit   '@babel/helper-plugin-utils': [ '7.29.7' ],
16 silly audit   '@babel/helper-string-parser': [ '7.29.7' ],
16 silly audit   '@babel/helper-validator-identifier': [ '7.29.7' ],
16 silly audit   '@babel/helper-validator-option': [ '7.29.7' ],
16 silly audit   '@babel/helpers': [ '7.29.7' ],
16 silly audit   '@babel/parser': [ '7.29.7' ],
16 silly audit   '@babel/plugin-transform-react-jsx-self': [ '7.29.7' ],
16 silly audit   '@babel/plugin-transform-react-jsx-source': [ '7.29.7' ],
16 silly audit   '@babel/runtime': [ '7.29.7' ],
16 silly audit   '@babel/template': [ '7.29.7' ],
16 silly audit   '@babel/traverse': [ '7.29.7' ],
16 silly audit   '@babel/types': [ '7.29.7' ],
16 silly audit   '@esbuild/aix-ppc64': [ '0.21.5' ],
16 silly audit   '@esbuild/android-arm': [ '0.21.5' ],
16 silly audit   '@esbuild/android-arm64': [ '0.21.5' ],
16 silly audit   '@esbuild/android-x64': [ '0.21.5' ],
16 silly audit   '@esbuild/darwin-arm64': [ '0.21.5' ],
16 silly audit   '@esbuild/darwin-x64': [ '0.21.5' ],
16 silly audit   '@esbuild/freebsd-arm64': [ '0.21.5' ],
16 silly audit   '@esbuild/freebsd-x64': [ '0.21.5' ],
16 silly audit   '@esbuild/linux-arm': [ '0.21.5' ],
16 silly audit   '@esbuild/linux-arm64': [ '0.21.5' ],
16 silly audit   '@esbuild/linux-ia32': [ '0.21.5' ],
16 silly audit   '@esbuild/linux-loong64': [ '0.21.5' ],
16 silly audit   '@esbuild/linux-mips64el': [ '0.21.5' ],
16 silly audit   '@esbuild/linux-ppc64': [ '0.21.5' ],
16 silly audit   '@esbuild/linux-riscv64': [ '0.21.5' ],
16 silly audit   '@esbuild/linux-s390x': [ '0.21.5' ],
16 silly audit   '@esbuild/linux-x64': [ '0.21.5' ],
16 silly audit   '@esbuild/netbsd-x64': [ '0.21.5' ],
16 silly audit   '@esbuild/openbsd-x64': [ '0.21.5' ],
16 silly audit   '@esbuild/sunos-x64': [ '0.21.5' ],
16 silly audit   '@esbuild/win32-arm64': [ '0.21.5' ],
16 silly audit   '@esbuild/win32-ia32': [ '0.21.5' ],
16 silly audit   '@esbuild/win32-x64': [ '0.21.5' ],
16 silly audit   '@jridgewell/gen-mapping': [ '0.3.13' ],
16 silly audit   '@jridgewell/remapping': [ '2.3.5' ],
16 silly audit   '@jridgewell/resolve-uri': [ '3.1.2' ],
16 silly audit   '@jridgewell/sourcemap-codec': [ '1.5.5' ],
16 silly audit   '@jridgewell/trace-mapping': [ '0.3.31' ],
16 silly audit   '@nodelib/fs.scandir': [ '2.1.5' ],
16 silly audit   '@nodelib/fs.stat': [ '2.0.5' ],
16 silly audit   '@nodelib/fs.walk': [ '1.2.8' ],
16 silly audit   '@remix-run/router': [ '1.23.3' ],
16 silly audit   '@rollup/rollup-android-arm-eabi': [ '4.62.2' ],
16 silly audit   '@rollup/rollup-android-arm64': [ '4.62.2' ],
16 silly audit   '@rollup/rollup-darwin-arm64': [ '4.62.2' ],
16 silly audit   '@rollup/rollup-darwin-x64': [ '4.62.2' ],
16 silly audit   '@rollup/rollup-freebsd-arm64': [ '4.62.2' ],
16 silly audit   '@rollup/rollup-freebsd-x64': [ '4.62.2' ],
16 silly audit   '@rollup/rollup-linux-arm-gnueabihf': [ '4.62.2' ],
16 silly audit   '@rollup/rollup-linux-arm-musleabihf': [ '4.62.2' ],
16 silly audit   '@rollup/rollup-linux-arm64-gnu': [ '4.62.2' ],
16 silly audit   '@rollup/rollup-linux-arm64-musl': [ '4.62.2' ],
16 silly audit   '@rollup/rollup-linux-loong64-gnu': [ '4.62.2' ],
16 silly audit   '@rollup/rollup-linux-loong64-musl': [ '4.62.2' ],
16 silly audit   '@rollup/rollup-linux-ppc64-gnu': [ '4.62.2' ],
16 silly audit   '@rollup/rollup-linux-ppc64-musl': [ '4.62.2' ],
16 silly audit   '@rollup/rollup-linux-riscv64-gnu': [ '4.62.2' ],
16 silly audit   '@rollup/rollup-linux-riscv64-musl': [ '4.62.2' ],
16 silly audit   '@rollup/rollup-linux-s390x-gnu': [ '4.62.2' ],
16 silly audit   '@rollup/rollup-linux-x64-gnu': [ '4.62.2' ],
16 silly audit   '@rollup/rollup-linux-x64-musl': [ '4.62.2' ],
16 silly audit   '@rollup/rollup-openbsd-x64': [ '4.62.2' ],
16 silly audit   '@rollup/rollup-openharmony-arm64': [ '4.62.2' ],
16 silly audit   '@rollup/rollup-win32-arm64-msvc': [ '4.62.2' ],
16 silly audit   '@rollup/rollup-win32-ia32-msvc': [ '4.62.2' ],
16 silly audit   '@rollup/rollup-win32-x64-gnu': [ '4.62.2' ],
16 silly audit   '@rollup/rollup-win32-x64-msvc': [ '4.62.2' ],
16 silly audit   '@supabase/auth-js': [ '2.110.2' ],
16 silly audit   '@supabase/functions-js': [ '2.110.2' ],
16 silly audit   '@supabase/phoenix': [ '0.4.4' ],
16 silly audit   '@supabase/postgrest-js': [ '2.110.2' ],
16 silly audit   '@supabase/realtime-js': [ '2.110.2' ],
16 silly audit   '@supabase/storage-js': [ '2.110.2' ],
16 silly audit   '@supabase/supabase-js': [ '2.110.2' ],
16 silly audit   '@types/babel__core': [ '7.20.5' ],
16 silly audit   '@types/babel__generator': [ '7.27.0' ],
16 silly audit   '@types/babel__template': [ '7.4.4' ],
16 silly audit   '@types/babel__traverse': [ '7.28.0' ],
16 silly audit   '@types/estree': [ '1.0.9' ],
16 silly audit   '@types/node': [ '26.1.1' ],
16 silly audit   '@types/prop-types': [ '15.7.15' ],
16 silly audit   '@types/qrcode': [ '1.5.6' ],
16 silly audit   '@types/raf': [ '3.4.3' ],
16 silly audit   '@types/react': [ '18.3.31' ],
16 silly audit   '@types/react-dom': [ '18.3.7' ],
16 silly audit   '@vitejs/plugin-react': [ '4.3.4' ],
16 silly audit   'ansi-regex': [ '5.0.1' ],
16 silly audit   'ansi-styles': [ '4.3.0' ],
16 silly audit   'any-promise': [ '1.3.0' ],
16 silly audit   anymatch: [ '3.1.3' ],
16 silly audit   arg: [ '5.0.2' ],
16 silly audit   atob: [ '2.1.2' ],
16 silly audit   autoprefixer: [ '10.5.2' ],
16 silly audit   'base64-arraybuffer': [ '1.0.2' ],
16 silly audit   'baseline-browser-mapping': [ '2.10.43' ],
16 silly audit   'binary-extensions': [ '2.3.0' ],
16 silly audit   braces: [ '3.0.3' ],
16 silly audit   browserslist: [ '4.28.6' ],
16 silly audit   btoa: [ '1.2.1' ],
16 silly audit   camelcase: [ '5.3.1' ],
16 silly audit   'camelcase-css': [ '2.0.1' ],
16 silly audit   'caniuse-lite': [ '1.0.30001805' ],
16 silly audit   canvg: [ '3.0.11' ],
16 silly audit   chokidar: [ '3.6.0' ],
16 silly audit   'glob-parent': [ '5.1.2', '6.0.2' ],
16 silly audit   cliui: [ '6.0.0' ],
16 silly audit   clsx: [ '2.1.1' ],
16 silly audit   'color-convert': [ '2.0.1' ],
16 silly audit   'color-name': [ '1.1.4' ],
16 silly audit   commander: [ '4.1.1' ],
16 silly audit   'convert-source-map': [ '2.0.0' ],
16 silly audit   'core-js': [ '3.49.0' ],
16 silly audit   'css-line-break': [ '2.1.0' ],
16 silly audit   cssesc: [ '3.0.0' ],
16 silly audit   csstype: [ '3.2.3' ],
16 silly audit   debug: [ '4.4.3' ],
16 silly audit   decamelize: [ '1.2.0' ],
16 silly audit   didyoumean: [ '1.2.2' ],
16 silly audit   dijkstrajs: [ '1.0.3' ],
16 silly audit   dlv: [ '1.1.3' ],
16 silly audit   dompurify: [ '2.5.9' ],
16 silly audit   'electron-to-chromium': [ '1.5.389' ],
16 silly audit   'emoji-regex': [ '8.0.0' ],
16 silly audit   'es-errors': [ '1.3.0' ],
16 silly audit   esbuild: [ '0.21.5' ],
16 silly audit   escalade: [ '3.2.0' ],
16 silly audit   'fast-glob': [ '3.3.3' ],
16 silly audit   fastq: [ '1.20.1' ],
16 silly audit   fflate: [ '0.8.3' ],
16 silly audit   'fill-range': [ '7.1.1' ],
16 silly audit   'find-up': [ '4.1.0' ],
16 silly audit   'fraction.js': [ '5.3.4' ],
16 silly audit   fsevents: [ '2.3.3' ],
16 silly audit   'function-bind': [ '1.1.2' ],
16 silly audit   gensync: [ '1.0.0-beta.2' ],
16 silly audit   'get-caller-file': [ '2.0.5' ],
16 silly audit   hasown: [ '2.0.4' ],
16 silly audit   html2canvas: [ '1.4.1' ],
16 silly audit   'iceberg-js': [ '0.8.1' ],
16 silly audit   'is-binary-path': [ '2.1.0' ],
16 silly audit   'is-core-module': [ '2.16.2' ],
16 silly audit   'is-extglob': [ '2.1.1' ],
16 silly audit   'is-fullwidth-code-point': [ '3.0.0' ],
16 silly audit   'is-glob': [ '4.0.3' ],
16 silly audit   'is-number': [ '7.0.0' ],
16 silly audit   jiti: [ '1.21.7' ],
16 silly audit   'js-tokens': [ '4.0.0' ],
16 silly audit   jsesc: [ '3.1.0' ],
16 silly audit   json5: [ '2.2.3' ],
16 silly audit   jspdf: [ '2.5.2' ],
16 silly audit   'jspdf-autotable': [ '3.8.4' ],
16 silly audit   lilconfig: [ '3.1.3' ],
16 silly audit   'lines-and-columns': [ '1.2.4' ],
16 silly audit   'locate-path': [ '5.0.0' ],
16 silly audit   'loose-envify': [ '1.4.0' ],
16 silly audit   'lru-cache': [ '5.1.1' ],
16 silly audit   'lucide-react': [ '0.400.0' ],
16 silly audit   merge2: [ '1.4.1' ],
16 silly audit   micromatch: [ '4.0.8' ],
16 silly audit   ms: [ '2.1.3' ],
16 silly audit   mz: [ '2.7.0' ],
16 silly audit   nanoid: [ '3.3.16' ],
16 silly audit   'node-releases': [ '2.0.51' ],
16 silly audit   'normalize-path': [ '3.0.0' ],
16 silly audit   'object-assign': [ '4.1.1' ],
16 silly audit   'object-hash': [ '3.0.0' ],
16 silly audit   'p-limit': [ '2.3.0' ],
16 silly audit   'p-locate': [ '4.1.0' ],
16 silly audit   'p-try': [ '2.2.0' ],
16 silly audit   'path-exists': [ '4.0.0' ],
16 silly audit   'path-parse': [ '1.0.7' ],
16 silly audit   'performance-now': [ '2.1.0' ],
16 silly audit   picocolors: [ '1.1.1' ],
16 silly audit   picomatch: [ '2.3.2', '4.0.5' ],
16 silly audit   pify: [ '2.3.0' ],
16 silly audit   pirates: [ '4.0.7' ],
16 silly audit   pngjs: [ '5.0.0' ],
16 silly audit   postcss: [ '8.5.18' ],
16 silly audit   'postcss-import': [ '15.1.0' ],
16 silly audit   'postcss-js': [ '4.1.0' ],
16 silly audit   'postcss-load-config': [ '6.0.1' ],
16 silly audit   'postcss-nested': [ '6.2.0' ],
16 silly audit   'postcss-selector-parser': [ '6.1.4' ],
16 silly audit   'postcss-value-parser': [ '4.2.0' ],
16 silly audit   qrcode: [ '1.5.4' ],
16 silly audit   'queue-microtask': [ '1.2.3' ],
16 silly audit   raf: [ '3.4.1' ],
16 silly audit   react: [ '18.3.1' ],
16 silly audit   'react-dom': [ '18.3.1' ],
16 silly audit   'react-refresh': [ '0.14.2' ],
16 silly audit   'react-router': [ '6.30.4' ],
16 silly audit   'react-router-dom': [ '6.30.4' ],
16 silly audit   'read-cache': [ '1.0.0' ],
16 silly audit   readdirp: [ '3.6.0' ],
16 silly audit   'regenerator-runtime': [ '0.13.11' ],
16 silly audit   'require-directory': [ '2.1.1' ],
16 silly audit   'require-main-filename': [ '2.0.0' ],
16 silly audit   resolve: [ '1.22.12' ],
16 silly audit   reusify: [ '1.1.0' ],
16 silly audit   rgbcolor: [ '1.0.1' ],
16 silly audit   rollup: [ '4.62.2' ],
16 silly audit   'run-parallel': [ '1.2.0' ],
16 silly audit   scheduler: [ '0.23.2' ],
16 silly audit   semver: [ '6.3.1' ],
16 silly audit   'set-blocking': [ '2.0.0' ],
16 silly audit   'source-map-js': [ '1.2.1' ],
16 silly audit   'stackblur-canvas': [ '2.7.0' ],
16 silly audit   'string-width': [ '4.2.3' ],
16 silly audit   'strip-ansi': [ '6.0.1' ],
16 silly audit   sucrase: [ '3.35.1' ],
16 silly audit   'supports-preserve-symlinks-flag': [ '1.0.0' ],
16 silly audit   'svg-pathdata': [ '6.0.3' ],
16 silly audit   'tailwind-merge': [ '2.6.1' ],
16 silly audit   tailwindcss: [ '3.4.19' ],
16 silly audit   'text-segmentation': [ '1.0.3' ],
16 silly audit   thenify: [ '3.3.1' ],
16 silly audit   'thenify-all': [ '1.6.0' ],
16 silly audit   tinyglobby: [ '0.2.17' ],
16 silly audit   fdir: [ '6.5.0' ],
16 silly audit   'to-regex-range': [ '5.0.1' ],
16 silly audit   'ts-interface-checker': [ '0.1.13' ],
16 silly audit   tslib: [ '2.8.1' ],
16 silly audit   typescript: [ '5.9.3' ],
16 silly audit   'undici-types': [ '8.3.0' ],
16 silly audit   'update-browserslist-db': [ '1.2.3' ],
16 silly audit   'util-deprecate': [ '1.0.2' ],
16 silly audit   utrie: [ '1.0.2' ],
16 silly audit   vite: [ '5.4.21' ],
16 silly audit   'which-module': [ '2.0.1' ],
16 silly audit   'wrap-ansi': [ '6.2.0' ],
16 silly audit   y18n: [ '4.0.3' ],
16 silly audit   yallist: [ '3.1.1' ],
16 silly audit   yargs: [ '15.4.1' ],
16 silly audit   'yargs-parser': [ '18.1.3' ]
16 silly audit }
17 http cache yargs-parser@https://registry.npmjs.org/yargs-parser/-/yargs-parser-18.1.3.tgz 2ms (cache hit)
18 http cache yargs@https://registry.npmjs.org/yargs/-/yargs-15.4.1.tgz 0ms (cache hit)
19 http cache yallist@https://registry.npmjs.org/yallist/-/yallist-3.1.1.tgz 0ms (cache hit)
20 http cache wrap-ansi@https://registry.npmjs.org/wrap-ansi/-/wrap-ansi-6.2.0.tgz 0ms (cache hit)
21 http cache y18n@https://registry.npmjs.org/y18n/-/y18n-4.0.3.tgz 0ms (cache hit)
22 http cache utrie@https://registry.npmjs.org/utrie/-/utrie-1.0.2.tgz 1ms (cache hit)
23 http cache util-deprecate@https://registry.npmjs.org/util-deprecate/-/util-deprecate-1.0.2.tgz 0ms (cache hit)
24 http cache which-module@https://registry.npmjs.org/which-module/-/which-module-2.0.1.tgz 0ms (cache hit)
25 http cache vite@https://registry.npmjs.org/vite/-/vite-5.4.21.tgz 0ms (cache hit)
26 http cache update-browserslist-db@https://registry.npmjs.org/update-browserslist-db/-/update-browserslist-db-1.2.3.tgz 0ms (cache hit)
27 http cache ts-interface-checker@https://registry.npmjs.org/ts-interface-checker/-/ts-interface-checker-0.1.13.tgz 0ms (cache hit)
28 http cache undici-types@https://registry.npmjs.org/undici-types/-/undici-types-8.3.0.tgz 0ms (cache hit)
29 http cache typescript@https://registry.npmjs.org/typescript/-/typescript-5.9.3.tgz 0ms (cache hit)
30 http cache tslib@https://registry.npmjs.org/tslib/-/tslib-2.8.1.tgz 0ms (cache hit)
31 http cache to-regex-range@https://registry.npmjs.org/to-regex-range/-/to-regex-range-5.0.1.tgz 0ms (cache hit)
32 http cache tinyglobby@https://registry.npmjs.org/tinyglobby/-/tinyglobby-0.2.17.tgz 0ms (cache hit)
33 http cache thenify-all@https://registry.npmjs.org/thenify-all/-/thenify-all-1.6.0.tgz 0ms (cache hit)
34 http cache thenify@https://registry.npmjs.org/thenify/-/thenify-3.3.1.tgz 0ms (cache hit)
35 http cache tailwindcss@https://registry.npmjs.org/tailwindcss/-/tailwindcss-3.4.19.tgz 0ms (cache hit)
36 http cache text-segmentation@https://registry.npmjs.org/text-segmentation/-/text-segmentation-1.0.3.tgz 0ms (cache hit)
37 http cache tailwind-merge@https://registry.npmjs.org/tailwind-merge/-/tailwind-merge-2.6.1.tgz 0ms (cache hit)
38 http cache svg-pathdata@https://registry.npmjs.org/svg-pathdata/-/svg-pathdata-6.0.3.tgz 0ms (cache hit)
39 http cache supports-preserve-symlinks-flag@https://registry.npmjs.org/supports-preserve-symlinks-flag/-/supports-preserve-symlinks-flag-1.0.0.tgz 0ms (cache hit)
40 http cache strip-ansi@https://registry.npmjs.org/strip-ansi/-/strip-ansi-6.0.1.tgz 0ms (cache hit)
41 http cache sucrase@https://registry.npmjs.org/sucrase/-/sucrase-3.35.1.tgz 0ms (cache hit)
42 http cache source-map-js@https://registry.npmjs.org/source-map-js/-/source-map-js-1.2.1.tgz 0ms (cache hit)
43 http cache string-width@https://registry.npmjs.org/string-width/-/string-width-4.2.3.tgz 0ms (cache hit)
44 http cache set-blocking@https://registry.npmjs.org/set-blocking/-/set-blocking-2.0.0.tgz 0ms (cache hit)
45 http cache stackblur-canvas@https://registry.npmjs.org/stackblur-canvas/-/stackblur-canvas-2.7.0.tgz 0ms (cache hit)
46 http cache semver@https://registry.npmjs.org/semver/-/semver-6.3.1.tgz 0ms (cache hit)
47 http cache scheduler@https://registry.npmjs.org/scheduler/-/scheduler-0.23.2.tgz 0ms (cache hit)
48 http cache run-parallel@https://registry.npmjs.org/run-parallel/-/run-parallel-1.2.0.tgz 0ms (cache hit)
49 http cache rollup@https://registry.npmjs.org/rollup/-/rollup-4.62.2.tgz 0ms (cache hit)
50 http cache rgbcolor@https://registry.npmjs.org/rgbcolor/-/rgbcolor-1.0.1.tgz 0ms (cache hit)
51 http cache resolve@https://registry.npmjs.org/resolve/-/resolve-1.22.12.tgz 0ms (cache hit)
52 http cache reusify@https://registry.npmjs.org/reusify/-/reusify-1.1.0.tgz 0ms (cache hit)
53 http cache require-main-filename@https://registry.npmjs.org/require-main-filename/-/require-main-filename-2.0.0.tgz 0ms (cache hit)
54 http cache require-directory@https://registry.npmjs.org/require-directory/-/require-directory-2.1.1.tgz 0ms (cache hit)
55 http cache readdirp@https://registry.npmjs.org/readdirp/-/readdirp-3.6.0.tgz 0ms (cache hit)
56 http cache regenerator-runtime@https://registry.npmjs.org/regenerator-runtime/-/regenerator-runtime-0.13.11.tgz 0ms (cache hit)
57 http cache react-router-dom@https://registry.npmjs.org/react-router-dom/-/react-router-dom-6.30.4.tgz 0ms (cache hit)
58 http cache read-cache@https://registry.npmjs.org/read-cache/-/read-cache-1.0.0.tgz 0ms (cache hit)
59 http cache react-router@https://registry.npmjs.org/react-router/-/react-router-6.30.4.tgz 0ms (cache hit)
60 http cache react-dom@https://registry.npmjs.org/react-dom/-/react-dom-18.3.1.tgz 0ms (cache hit)
61 http cache react-refresh@https://registry.npmjs.org/react-refresh/-/react-refresh-0.14.2.tgz 0ms (cache hit)
62 http cache react@https://registry.npmjs.org/react/-/react-18.3.1.tgz 0ms (cache hit)
63 http cache raf@https://registry.npmjs.org/raf/-/raf-3.4.1.tgz 0ms (cache hit)
64 http cache qrcode@https://registry.npmjs.org/qrcode/-/qrcode-1.5.4.tgz 0ms (cache hit)
65 http cache postcss-value-parser@https://registry.npmjs.org/postcss-value-parser/-/postcss-value-parser-4.2.0.tgz 0ms (cache hit)
66 http cache queue-microtask@https://registry.npmjs.org/queue-microtask/-/queue-microtask-1.2.3.tgz 0ms (cache hit)
67 http cache postcss-selector-parser@https://registry.npmjs.org/postcss-selector-parser/-/postcss-selector-parser-6.1.4.tgz 0ms (cache hit)
68 http cache postcss-load-config@https://registry.npmjs.org/postcss-load-config/-/postcss-load-config-6.0.1.tgz 0ms (cache hit)
69 http cache postcss-js@https://registry.npmjs.org/postcss-js/-/postcss-js-4.1.0.tgz 0ms (cache hit)
70 http cache postcss-nested@https://registry.npmjs.org/postcss-nested/-/postcss-nested-6.2.0.tgz 0ms (cache hit)
71 http fetch POST 200 https://registry.npmjs.org/-/npm/v1/security/advisories/bulk 2138ms
72 silly audit report {
72 silly audit report   dompurify: [
72 silly audit report     {
72 silly audit report       id: 1105772,
72 silly audit report       url: 'https://github.com/advisories/GHSA-vhxf-7vqr-mrjg',
72 silly audit report       title: 'DOMPurify allows Cross-site Scripting (XSS)',
72 silly audit report       severity: 'moderate',
72 silly audit report       vulnerable_versions: '<3.2.4',
72 silly audit report       cwe: [Array],
72 silly audit report       cvss: [Object]
72 silly audit report     },
72 silly audit report     {
72 silly audit report       id: 1120802,
72 silly audit report       url: 'https://github.com/advisories/GHSA-hpcv-96wg-7vj8',
72 silly audit report       title: 'DOMPurify: Cross-realm IN_PLACE sanitization leaves executable markup intact via realm-bound `instanceof` checks',
72 silly audit report       severity: 'moderate',
72 silly audit report       vulnerable_versions: '<=3.4.5',
72 silly audit report       cwe: [Array],
72 silly audit report       cvss: [Object]
72 silly audit report     },
72 silly audit report     {
72 silly audit report       id: 1120803,
72 silly audit report       url: 'https://github.com/advisories/GHSA-r47g-fvhr-h676',
72 silly audit report       title: 'DOMPurify: IN_PLACE mode preserves attributes of a clobbered root element, allowing XSS via attacker-controlled root DOM',
72 silly audit report       severity: 'moderate',
72 silly audit report       vulnerable_versions: '<=3.4.5',
72 silly audit report       cwe: [Array],
72 silly audit report       cvss: [Object]
72 silly audit report     },
72 silly audit report     {
72 silly audit report       id: 1120813,
72 silly audit report       url: 'https://github.com/advisories/GHSA-rp9w-3fw7-7cwq',
72 silly audit report       title: 'DOMPurify IN_PLACE Sanitization Bypass via Attached Shadow Root Inside <template>.content',
72 silly audit report       severity: 'moderate',
72 silly audit report       vulnerable_versions: '<=3.4.6',
72 silly audit report       cwe: [Array],
72 silly audit report       cvss: [Object]
72 silly audit report     },
72 silly audit report     {
72 silly audit report       id: 1117138,
72 silly audit report       url: 'https://github.com/advisories/GHSA-h7mw-gpvr-xq4m',
72 silly audit report       title: 'DOMPurify: FORBID_TAGS bypassed by function-based ADD_TAGS predicate (asymmetry with FORBID_ATTR fix)',
72 silly audit report       severity: 'moderate',
72 silly audit report       vulnerable_versions: '<3.4.0',
72 silly audit report       cwe: [Array],
72 silly audit report       cvss: [Object]
72 silly audit report     },
72 silly audit report     {
72 silly audit report       id: 1117139,
72 silly audit report       url: 'https://github.com/advisories/GHSA-crv5-9vww-q3g8',
72 silly audit report       title: 'DOMPurify has a SAFE_FOR_TEMPLATES bypass in RETURN_DOM mode',
72 silly audit report       severity: 'moderate',
72 silly audit report       vulnerable_versions: '>=1.0.10 <3.4.0',
72 silly audit report       cwe: [Array],
72 silly audit report       cvss: [Object]
72 silly audit report     },
72 silly audit report     {
72 silly audit report       id: 1124022,
72 silly audit report       url: 'https://github.com/advisories/GHSA-c2j3-45gr-mqc4',
72 silly audit report       title: 'DOMPurify: `CUSTOM_ELEMENT_HANDLING` bypasses `afterSanitizeElements` for allowed custom elements.',
72 silly audit report       severity: 'low',
72 silly audit report       vulnerable_versions: '<=3.4.11',
72 silly audit report       cwe: [Array],
72 silly audit report       cvss: [Object]
72 silly audit report     },
72 silly audit report     {
72 silly audit report       id: 1124233,
72 silly audit report       url: 'https://github.com/advisories/GHSA-cmwh-pvxp-8882',
72 silly audit report       title: 'DOMPurify: Permanent `ALLOWED_ATTR` pollution via `setConfig()` bypassing the hook clone-guard (incomplete fix of the 3.4.7 hook-pollution patch)',
72 silly audit report       severity: 'moderate',
72 silly audit report       vulnerable_versions: '<=3.4.10',
72 silly audit report       cwe: [Array],
72 silly audit report       cvss: [Object]
72 silly audit report     },
72 silly audit report     {
72 silly audit report       id: 1124234,
72 silly audit report       url: 'https://github.com/advisories/GHSA-vxr8-fq34-vvx9',
72 silly audit report       title: 'DOMPurify: Trusted Types policy survives `clearConfig()` and can poison later `RETURN_TRUSTED_TYPE` output',
72 silly audit report       severity: 'low',
72 silly audit report       vulnerable_versions: '<3.4.9',
72 silly audit report       cwe: [Array],
72 silly audit report       cvss: [Object]
72 silly audit report     },
72 silly audit report     {
72 silly audit report       id: 1124236,
72 silly audit report       url: 'https://github.com/advisories/GHSA-x4vx-rjvf-j5p4',
72 silly audit report       title: 'DOMPurify: `IN_PLACE` mode trusts attacker-controlled `nodeName` on live non-form nodes, allowing script retention and XSS via attacker-supplied DOM objects',
72 silly audit report       severity: 'low',
72 silly audit report       vulnerable_versions: '<=3.4.6',
72 silly audit report       cwe: [Array],
72 silly audit report       cvss: [Object]
72 silly audit report     },
72 silly audit report     {
72 silly audit report       id: 1124237,
72 silly audit report       url: 'https://github.com/advisories/GHSA-76mc-f452-cxcm',
72 silly audit report       title: 'DOMPurify: Hook mutation of `data.allowedTags` / `data.allowedAttributes` permanently pollutes `DEFAULT_ALLOWED_TAGS` / `DEFAULT_ALLOWED_ATTR`',
72 silly audit report       severity: 'moderate',
72 silly audit report       vulnerable_versions: '<3.4.7',
72 silly audit report       cwe: [Array],
72 silly audit report       cvss: [Object]
72 silly audit report     },
72 silly audit report     {
72 silly audit report       id: 1124238,
72 silly audit report       url: 'https://github.com/advisories/GHSA-39q2-94rc-95cp',
72 silly audit report       title: "DOMPurify's ADD_TAGS function form bypasses FORBID_TAGS due to short-circuit evaluation",
72 silly audit report       severity: 'moderate',
72 silly audit report       vulnerable_versions: '<=3.3.3',
72 silly audit report       cwe: [Array],
72 silly audit report       cvss: [Object]
72 silly audit report     },
72 silly audit report     {
72 silly audit report       id: 1124239,
72 silly audit report       url: 'https://github.com/advisories/GHSA-cjmm-f4jc-qw8r',
72 silly audit report       title: 'DOMPurify ADD_ATTR predicate skips URI validation',
72 silly audit report       severity: 'moderate',
72 silly audit report       vulnerable_versions: '<=3.3.1',
72 silly audit report       cwe: [Array],
72 silly audit report       cvss: [Object]
72 silly audit report     },
72 silly audit report     {
72 silly audit report       id: 1124240,
72 silly audit report       url: 'https://github.com/advisories/GHSA-cj63-jhhr-wcxv',
72 silly audit report       title: 'DOMPurify USE_PROFILES prototype pollution allows event handlers',
72 silly audit report       severity: 'moderate',
72 silly audit report       vulnerable_versions: '<=3.3.1',
72 silly audit report       cwe: [Array],
72 silly audit report       cvss: [Object]
72 silly audit report     },
72 silly audit report     {
72 silly audit report       id: 1124241,
72 silly audit report       url: 'https://github.com/advisories/GHSA-h8r8-wccr-v5f2',
72 silly audit report       title: 'DOMPurify is vulnerable to mutation-XSS via Re-Contextualization ',
72 silly audit report       severity: 'moderate',
72 silly audit report       vulnerable_versions: '<3.3.2',
72 silly audit report       cwe: [Array],
72 silly audit report       cvss: [Object]
72 silly audit report     }
72 silly audit report   ],
72 silly audit report   esbuild: [
72 silly audit report     {
72 silly audit report       id: 1102341,
72 silly audit report       url: 'https://github.com/advisories/GHSA-67mh-4wv8-2f99',
72 silly audit report       title: 'esbuild enables any website to send any requests to the development server and read the response',
72 silly audit report       severity: 'moderate',
72 silly audit report       vulnerable_versions: '<=0.24.2',
72 silly audit report       cwe: [Array],
72 silly audit report       cvss: [Object]
72 silly audit report     }
72 silly audit report   ],
72 silly audit report   jspdf: [
72 silly audit report     {
72 silly audit report       id: 1103308,
72 silly audit report       url: 'https://github.com/advisories/GHSA-w532-jxjh-hjhj',
72 silly audit report       title: 'jsPDF Bypass Regular Expression Denial of Service (ReDoS)',
72 silly audit report       severity: 'high',
72 silly audit report       vulnerable_versions: '<3.0.1',
72 silly audit report       cwe: [Array],
72 silly audit report       cvss: [Object]
72 silly audit report     },
72 silly audit report     {
72 silly audit report       id: 1107412,
72 silly audit report       url: 'https://github.com/advisories/GHSA-8mvj-3j78-4qmw',
72 silly audit report       title: 'jsPDF Denial of Service (DoS)',
72 silly audit report       severity: 'high',
72 silly audit report       vulnerable_versions: '<=3.0.1',
72 silly audit report       cwe: [Array],
72 silly audit report       cvss: [Object]
72 silly audit report     },
72 silly audit report     {
72 silly audit report       id: 1112264,
72 silly audit report       url: 'https://github.com/advisories/GHSA-f8cm-6447-x5h2',
72 silly audit report       title: 'jsPDF has Local File Inclusion/Path Traversal vulnerability',
72 silly audit report       severity: 'critical',
72 silly audit report       vulnerable_versions: '<=3.0.4',
72 silly audit report       cwe: [Array],
72 silly audit report       cvss: [Object]
72 silly audit report     },
72 silly audit report     {
72 silly audit report       id: 1112801,
72 silly audit report       url: 'https://github.com/advisories/GHSA-pqxr-3g65-p328',
72 silly audit report       title: 'jsPDF has PDF Injection in AcroFormChoiceField that allows Arbitrary JavaScript Execution',
72 silly audit report       severity: 'high',
72 silly audit report       vulnerable_versions: '<=4.0.0',
72 silly audit report       cwe: [Array],
72 silly audit report       cvss: [Object]
72 silly audit report     },
72 silly audit report     {
72 silly audit report       id: 1112802,
72 silly audit report       url: 'https://github.com/advisories/GHSA-95fx-jjr5-f39c',
72 silly audit report       title: 'jsPDF Vulnerable to Denial of Service (DoS) via Unvalidated BMP Dimensions in BMPDecoder',
72 silly audit report       severity: 'high',
72 silly audit report       vulnerable_versions: '<=4.0.0',
72 silly audit report       cwe: [Array],
72 silly audit report       cvss: [Object]
72 silly audit report     },
72 silly audit report     {
72 silly audit report       id: 1112803,
72 silly audit report       url: 'https://github.com/advisories/GHSA-vm32-vv63-w422',
72 silly audit report       title: 'jsPDF Vulnerable to Stored XMP Metadata Injection (Spoofing & Integrity Violation)',
72 silly audit report       severity: 'moderate',
72 silly audit report       vulnerable_versions: '<=4.0.0',
72 silly audit report       cwe: [Array],
72 silly audit report       cvss: [Object]
72 silly audit report     },
72 silly audit report     {
72 silly audit report       id: 1112804,
72 silly audit report       url: 'https://github.com/advisories/GHSA-cjw8-79x6-5cj4',
72 silly audit report       title: 'jsPDF has Shared State Race Condition in addJS Plugin',
72 silly audit report       severity: 'moderate',
72 silly audit report       vulnerable_versions: '<=4.0.0',
72 silly audit report       cwe: [Array],
72 silly audit report       cvss: [Object]
72 silly audit report     },
72 silly audit report     {
72 silly audit report       id: 1113310,
72 silly audit report       url: 'https://github.com/advisories/GHSA-9vjf-qc39-jprp',
72 silly audit report       title: 'jsPDF has a PDF Object Injection via Unsanitized Input in addJS Method',
72 silly audit report       severity: 'high',
72 silly audit report       vulnerable_versions: '<4.2.0',
72 silly audit report       cwe: [Array],
72 silly audit report       cvss: [Object]
72 silly audit report     },
72 silly audit report     {
72 silly audit report       id: 1113324,
72 silly audit report       url: 'https://github.com/advisories/GHSA-67pg-wm7f-q7fj',
72 silly audit report       title: 'jsPDF Affected by Client-Side/Server-Side Denial of Service via Malicious GIF Dimensions',
72 silly audit report       severity: 'high',
72 silly audit report       vulnerable_versions: '<4.2.0',
72 silly audit report       cwe: [Array],
72 silly audit report       cvss: [Object]
72 silly audit report     },
72 silly audit report     {
72 silly audit report       id: 1114396,
72 silly audit report       url: 'https://github.com/advisories/GHSA-p5xg-68wr-hm3m',
72 silly audit report       title: 'jsPDF has a PDF Injection in AcroForm module allows Arbitrary JavaScript Execution (RadioButton.createOption and "AS" property)',
72 silly audit report       severity: 'high',
72 silly audit report       vulnerable_versions: '<4.2.0',
72 silly audit report       cwe: [Array],
72 silly audit report       cvss: [Object]
72 silly audit report     },
72 silly audit report     {
72 silly audit report       id: 1114950,
72 silly audit report       url: 'https://github.com/advisories/GHSA-7x6v-j9x4-qf24',
72 silly audit report       title: 'jsPDF has a PDF Object Injection via FreeText color',
72 silly audit report       severity: 'high',
72 silly audit report       vulnerable_versions: '<=4.2.0',
72 silly audit report       cwe: [Array],
72 silly audit report       cvss: [Object]
72 silly audit report     },
72 silly audit report     {
72 silly audit report       id: 1114974,
72 silly audit report       url: 'https://github.com/advisories/GHSA-wfv2-pwc8-crg5',
72 silly audit report       title: 'jsPDF has HTML Injection in New Window paths',
72 silly audit report       severity: 'critical',
72 silly audit report       vulnerable_versions: '<=4.2.0',
72 silly audit report       cwe: [Array],
72 silly audit report       cvss: [Object]
72 silly audit report     }
72 silly audit report   ],
72 silly audit report   'react-router': [
72 silly audit report     {
72 silly audit report       id: 1124268,
72 silly audit report       url: 'https://github.com/advisories/GHSA-wrjc-x8rr-h8h6',
72 silly audit report       title: 'React Router: Open redirect via backslash in <Link> and useNavigate (CVE-2025-68470 bypass)',
72 silly audit report       severity: 'moderate',
72 silly audit report       vulnerable_versions: '>=6.0.0 <7.18.0',
72 silly audit report       cwe: [Array],
72 silly audit report       cvss: [Object]
72 silly audit report     },
72 silly audit report     {
72 silly audit report       id: 1124272,
72 silly audit report       url: 'https://github.com/advisories/GHSA-337j-9hxr-rhxg',
72 silly audit report       title: 'React Router: Arbitrary Constructor Injection via deserializeErrors() in React Router SSR Hydration',
72 silly audit report       severity: 'moderate',
72 silly audit report       vulnerable_versions: '>=6.4.0 <7.18.0',
72 silly audit report       cwe: [Array],
72 silly audit report       cvss: [Object]
72 silly audit report     }
72 silly audit report   ],
72 silly audit report   'react-router-dom': [
72 silly audit report     {
72 silly audit report       id: 1124270,
72 silly audit report       url: 'https://github.com/advisories/GHSA-jjmj-jmhj-qwj2',
72 silly audit report       title: 'React Router: Open redirect leading to XSS',
72 silly audit report       severity: 'moderate',
72 silly audit report       vulnerable_versions: '>=6.30.2 <=6.30.4',
72 silly audit report       cwe: [Array],
72 silly audit report       cvss: [Object]
72 silly audit report     }
72 silly audit report   ],
72 silly audit report   vite: [
72 silly audit report     {
72 silly audit report       id: 1120784,
72 silly audit report       url: 'https://github.com/advisories/GHSA-v6wh-96g9-6wx3',
72 silly audit report       title: 'launch-editor: NTLMv2 hash disclosure via UNC path handling on Windows',
72 silly audit report       severity: 'moderate',
72 silly audit report       vulnerable_versions: '<=6.4.2',
72 silly audit report       cwe: [Array],
72 silly audit report       cvss: [Object]
72 silly audit report     },
72 silly audit report     {
72 silly audit report       id: 1116229,
72 silly audit report       url: 'https://github.com/advisories/GHSA-4w7w-66w2-5vf9',
72 silly audit report       title: 'Vite Vulnerable to Path Traversal in Optimized Deps `.map` Handling',
72 silly audit report       severity: 'moderate',
72 silly audit report       vulnerable_versions: '<=6.4.1',
72 silly audit report       cwe: [Array],
72 silly audit report       cvss: [Object]
72 silly audit report     },
72 silly audit report     {
72 silly audit report       id: 1123525,
72 silly audit report       url: 'https://github.com/advisories/GHSA-fx2h-pf6j-xcff',
72 silly audit report       title: 'vite: `server.fs.deny` bypass on Windows alternate paths',
72 silly audit report       severity: 'high',
72 silly audit report       vulnerable_versions: '<=6.4.2',
72 silly audit report       cwe: [Array],
72 silly audit report       cvss: [Object]
72 silly audit report     }
72 silly audit report   ]
72 silly audit report }
73 silly packumentCache corgi:https://registry.npmjs.org/dompurify cache-miss
74 silly packumentCache corgi:https://registry.npmjs.org/esbuild cache-miss
75 silly packumentCache corgi:https://registry.npmjs.org/jspdf cache-miss
76 silly packumentCache corgi:https://registry.npmjs.org/react-router cache-miss
77 silly packumentCache corgi:https://registry.npmjs.org/react-router-dom cache-miss
78 silly packumentCache corgi:https://registry.npmjs.org/vite cache-miss
79 http cache postcss-import@https://registry.npmjs.org/postcss-import/-/postcss-import-15.1.0.tgz 0ms (cache hit)
80 http cache postcss@https://registry.npmjs.org/postcss/-/postcss-8.5.18.tgz 0ms (cache hit)
81 http cache pngjs@https://registry.npmjs.org/pngjs/-/pngjs-5.0.0.tgz 0ms (cache hit)
82 http cache pirates@https://registry.npmjs.org/pirates/-/pirates-4.0.7.tgz 0ms (cache hit)
83 http cache pify@https://registry.npmjs.org/pify/-/pify-2.3.0.tgz 0ms (cache hit)
84 http cache picomatch@https://registry.npmjs.org/picomatch/-/picomatch-2.3.2.tgz 0ms (cache hit)
85 http cache picocolors@https://registry.npmjs.org/picocolors/-/picocolors-1.1.1.tgz 1ms (cache hit)
86 http cache performance-now@https://registry.npmjs.org/performance-now/-/performance-now-2.1.0.tgz 0ms (cache hit)
87 http cache path-parse@https://registry.npmjs.org/path-parse/-/path-parse-1.0.7.tgz 0ms (cache hit)
88 http cache p-try@https://registry.npmjs.org/p-try/-/p-try-2.2.0.tgz 0ms (cache hit)
89 http cache path-exists@https://registry.npmjs.org/path-exists/-/path-exists-4.0.0.tgz 1ms (cache hit)
90 http cache p-limit@https://registry.npmjs.org/p-limit/-/p-limit-2.3.0.tgz 0ms (cache hit)
91 http cache object-hash@https://registry.npmjs.org/object-hash/-/object-hash-3.0.0.tgz 0ms (cache hit)
92 http cache object-assign@https://registry.npmjs.org/object-assign/-/object-assign-4.1.1.tgz 0ms (cache hit)
93 http cache normalize-path@https://registry.npmjs.org/normalize-path/-/normalize-path-3.0.0.tgz 1ms (cache hit)
94 http cache node-releases@https://registry.npmjs.org/node-releases/-/node-releases-2.0.51.tgz 0ms (cache hit)
95 http cache mz@https://registry.npmjs.org/mz/-/mz-2.7.0.tgz 0ms (cache hit)
96 http cache nanoid@https://registry.npmjs.org/nanoid/-/nanoid-3.3.16.tgz 0ms (cache hit)
97 http cache ms@https://registry.npmjs.org/ms/-/ms-2.1.3.tgz 0ms (cache hit)
98 http cache micromatch@https://registry.npmjs.org/micromatch/-/micromatch-4.0.8.tgz 0ms (cache hit)
99 http cache merge2@https://registry.npmjs.org/merge2/-/merge2-1.4.1.tgz 0ms (cache hit)
100 http cache lucide-react@https://registry.npmjs.org/lucide-react/-/lucide-react-0.400.0.tgz 0ms (cache hit)
101 http cache loose-envify@https://registry.npmjs.org/loose-envify/-/loose-envify-1.4.0.tgz 0ms (cache hit)
102 http cache lru-cache@https://registry.npmjs.org/lru-cache/-/lru-cache-5.1.1.tgz 0ms (cache hit)
103 http cache locate-path@https://registry.npmjs.org/locate-path/-/locate-path-5.0.0.tgz 0ms (cache hit)
104 http cache lines-and-columns@https://registry.npmjs.org/lines-and-columns/-/lines-and-columns-1.2.4.tgz 1ms (cache hit)
105 http cache lilconfig@https://registry.npmjs.org/lilconfig/-/lilconfig-3.1.3.tgz 0ms (cache hit)
106 http cache jspdf-autotable@https://registry.npmjs.org/jspdf-autotable/-/jspdf-autotable-3.8.4.tgz 0ms (cache hit)
107 http cache js-tokens@https://registry.npmjs.org/js-tokens/-/js-tokens-4.0.0.tgz 0ms (cache hit)
108 http cache json5@https://registry.npmjs.org/json5/-/json5-2.2.3.tgz 0ms (cache hit)
109 http cache jspdf@https://registry.npmjs.org/jspdf/-/jspdf-2.5.2.tgz 0ms (cache hit)
110 http cache jsesc@https://registry.npmjs.org/jsesc/-/jsesc-3.1.0.tgz 0ms (cache hit)
111 http cache is-number@https://registry.npmjs.org/is-number/-/is-number-7.0.0.tgz 0ms (cache hit)
112 http cache jiti@https://registry.npmjs.org/jiti/-/jiti-1.21.7.tgz 0ms (cache hit)
113 http cache is-glob@https://registry.npmjs.org/is-glob/-/is-glob-4.0.3.tgz 0ms (cache hit)
114 http cache is-fullwidth-code-point@https://registry.npmjs.org/is-fullwidth-code-point/-/is-fullwidth-code-point-3.0.0.tgz 1ms (cache hit)
115 http cache is-extglob@https://registry.npmjs.org/is-extglob/-/is-extglob-2.1.1.tgz 0ms (cache hit)
116 http cache is-binary-path@https://registry.npmjs.org/is-binary-path/-/is-binary-path-2.1.0.tgz 0ms (cache hit)
117 http cache p-locate@https://registry.npmjs.org/p-locate/-/p-locate-4.1.0.tgz 1ms (cache hit)
118 http cache iceberg-js@https://registry.npmjs.org/iceberg-js/-/iceberg-js-0.8.1.tgz 0ms (cache hit)
119 http cache html2canvas@https://registry.npmjs.org/html2canvas/-/html2canvas-1.4.1.tgz 0ms (cache hit)
120 http cache is-core-module@https://registry.npmjs.org/is-core-module/-/is-core-module-2.16.2.tgz 0ms (cache hit)
121 http cache get-caller-file@https://registry.npmjs.org/get-caller-file/-/get-caller-file-2.0.5.tgz 0ms (cache hit)
122 http cache hasown@https://registry.npmjs.org/hasown/-/hasown-2.0.4.tgz 0ms (cache hit)
123 http cache function-bind@https://registry.npmjs.org/function-bind/-/function-bind-1.1.2.tgz 0ms (cache hit)
124 http cache gensync@https://registry.npmjs.org/gensync/-/gensync-1.0.0-beta.2.tgz 0ms (cache hit)
125 http cache fraction.js@https://registry.npmjs.org/fraction.js/-/fraction.js-5.3.4.tgz 0ms (cache hit)
126 http cache find-up@https://registry.npmjs.org/find-up/-/find-up-4.1.0.tgz 0ms (cache hit)
127 http cache glob-parent@https://registry.npmjs.org/glob-parent/-/glob-parent-6.0.2.tgz 0ms (cache hit)
128 http cache fill-range@https://registry.npmjs.org/fill-range/-/fill-range-7.1.1.tgz 0ms (cache hit)
129 http cache fastq@https://registry.npmjs.org/fastq/-/fastq-1.20.1.tgz 0ms (cache hit)
130 http cache fflate@https://registry.npmjs.org/fflate/-/fflate-0.8.3.tgz 0ms (cache hit)
131 http cache escalade@https://registry.npmjs.org/escalade/-/escalade-3.2.0.tgz 0ms (cache hit)
132 http cache esbuild@https://registry.npmjs.org/esbuild/-/esbuild-0.21.5.tgz 0ms (cache hit)
133 http cache es-errors@https://registry.npmjs.org/es-errors/-/es-errors-1.3.0.tgz 0ms (cache hit)
134 http cache emoji-regex@https://registry.npmjs.org/emoji-regex/-/emoji-regex-8.0.0.tgz 0ms (cache hit)
135 http cache fast-glob@https://registry.npmjs.org/fast-glob/-/fast-glob-3.3.3.tgz 0ms (cache hit)
136 http cache electron-to-chromium@https://registry.npmjs.org/electron-to-chromium/-/electron-to-chromium-1.5.389.tgz 0ms (cache hit)
137 http cache dlv@https://registry.npmjs.org/dlv/-/dlv-1.1.3.tgz 1ms (cache hit)
138 http cache dijkstrajs@https://registry.npmjs.org/dijkstrajs/-/dijkstrajs-1.0.3.tgz 0ms (cache hit)
139 http cache dompurify@https://registry.npmjs.org/dompurify/-/dompurify-2.5.9.tgz 0ms (cache hit)
140 http cache debug@https://registry.npmjs.org/debug/-/debug-4.4.3.tgz 0ms (cache hit)
141 http cache didyoumean@https://registry.npmjs.org/didyoumean/-/didyoumean-1.2.2.tgz 0ms (cache hit)
142 http cache csstype@https://registry.npmjs.org/csstype/-/csstype-3.2.3.tgz 0ms (cache hit)
143 http cache decamelize@https://registry.npmjs.org/decamelize/-/decamelize-1.2.0.tgz 0ms (cache hit)
144 http cache css-line-break@https://registry.npmjs.org/css-line-break/-/css-line-break-2.1.0.tgz 0ms (cache hit)
145 http cache core-js@https://registry.npmjs.org/core-js/-/core-js-3.49.0.tgz 0ms (cache hit)
146 http cache cssesc@https://registry.npmjs.org/cssesc/-/cssesc-3.0.0.tgz 0ms (cache hit)
147 http cache convert-source-map@https://registry.npmjs.org/convert-source-map/-/convert-source-map-2.0.0.tgz 0ms (cache hit)
148 http cache color-name@https://registry.npmjs.org/color-name/-/color-name-1.1.4.tgz 0ms (cache hit)
149 http cache color-convert@https://registry.npmjs.org/color-convert/-/color-convert-2.0.1.tgz 0ms (cache hit)
150 http cache clsx@https://registry.npmjs.org/clsx/-/clsx-2.1.1.tgz 0ms (cache hit)
151 http cache commander@https://registry.npmjs.org/commander/-/commander-4.1.1.tgz 0ms (cache hit)
152 http cache cliui@https://registry.npmjs.org/cliui/-/cliui-6.0.0.tgz 0ms (cache hit)
153 http cache canvg@https://registry.npmjs.org/canvg/-/canvg-3.0.11.tgz 0ms (cache hit)
154 http cache caniuse-lite@https://registry.npmjs.org/caniuse-lite/-/caniuse-lite-1.0.30001805.tgz 0ms (cache hit)
155 http cache chokidar@https://registry.npmjs.org/chokidar/-/chokidar-3.6.0.tgz 0ms (cache hit)
156 http cache camelcase@https://registry.npmjs.org/camelcase/-/camelcase-5.3.1.tgz 0ms (cache hit)
157 http cache btoa@https://registry.npmjs.org/btoa/-/btoa-1.2.1.tgz 0ms (cache hit)
158 http cache camelcase-css@https://registry.npmjs.org/camelcase-css/-/camelcase-css-2.0.1.tgz 0ms (cache hit)
159 http cache braces@https://registry.npmjs.org/braces/-/braces-3.0.3.tgz 0ms (cache hit)
160 http cache binary-extensions@https://registry.npmjs.org/binary-extensions/-/binary-extensions-2.3.0.tgz 0ms (cache hit)
161 http cache browserslist@https://registry.npmjs.org/browserslist/-/browserslist-4.28.6.tgz 0ms (cache hit)
162 http cache atob@https://registry.npmjs.org/atob/-/atob-2.1.2.tgz 1ms (cache hit)
163 http cache base64-arraybuffer@https://registry.npmjs.org/base64-arraybuffer/-/base64-arraybuffer-1.0.2.tgz 0ms (cache hit)
164 http cache autoprefixer@https://registry.npmjs.org/autoprefixer/-/autoprefixer-10.5.2.tgz 0ms (cache hit)
165 http cache arg@https://registry.npmjs.org/arg/-/arg-5.0.2.tgz 0ms (cache hit)
166 http cache anymatch@https://registry.npmjs.org/anymatch/-/anymatch-3.1.3.tgz 0ms (cache hit)
167 http cache any-promise@https://registry.npmjs.org/any-promise/-/any-promise-1.3.0.tgz 0ms (cache hit)
168 http cache baseline-browser-mapping@https://registry.npmjs.org/baseline-browser-mapping/-/baseline-browser-mapping-2.10.43.tgz 0ms (cache hit)
169 http cache @vitejs/plugin-react@https://registry.npmjs.org/@vitejs/plugin-react/-/plugin-react-4.3.4.tgz 0ms (cache hit)
170 http cache ansi-regex@https://registry.npmjs.org/ansi-regex/-/ansi-regex-5.0.1.tgz 0ms (cache hit)
171 http cache @types/react-dom@https://registry.npmjs.org/@types/react-dom/-/react-dom-18.3.7.tgz 0ms (cache hit)
172 http cache @types/react@https://registry.npmjs.org/@types/react/-/react-18.3.31.tgz 0ms (cache hit)
173 http cache @types/qrcode@https://registry.npmjs.org/@types/qrcode/-/qrcode-1.5.6.tgz 0ms (cache hit)
174 http cache ansi-styles@https://registry.npmjs.org/ansi-styles/-/ansi-styles-4.3.0.tgz 0ms (cache hit)
175 http cache @types/raf@https://registry.npmjs.org/@types/raf/-/raf-3.4.3.tgz 0ms (cache hit)
176 http cache @types/prop-types@https://registry.npmjs.org/@types/prop-types/-/prop-types-15.7.15.tgz 0ms (cache hit)
177 http cache @types/estree@https://registry.npmjs.org/@types/estree/-/estree-1.0.9.tgz 0ms (cache hit)
178 http cache @types/babel__traverse@https://registry.npmjs.org/@types/babel__traverse/-/babel__traverse-7.28.0.tgz 0ms (cache hit)
179 http cache @types/babel__template@https://registry.npmjs.org/@types/babel__template/-/babel__template-7.4.4.tgz 0ms (cache hit)
180 http cache @types/babel__generator@https://registry.npmjs.org/@types/babel__generator/-/babel__generator-7.27.0.tgz 0ms (cache hit)
181 http cache @types/node@https://registry.npmjs.org/@types/node/-/node-26.1.1.tgz 0ms (cache hit)
182 http cache @types/babel__core@https://registry.npmjs.org/@types/babel__core/-/babel__core-7.20.5.tgz 0ms (cache hit)
183 http cache @supabase/supabase-js@https://registry.npmjs.org/@supabase/supabase-js/-/supabase-js-2.110.2.tgz 0ms (cache hit)
184 http cache @supabase/postgrest-js@https://registry.npmjs.org/@supabase/postgrest-js/-/postgrest-js-2.110.2.tgz 0ms (cache hit)
185 http cache @supabase/storage-js@https://registry.npmjs.org/@supabase/storage-js/-/storage-js-2.110.2.tgz 0ms (cache hit)
186 http cache @supabase/realtime-js@https://registry.npmjs.org/@supabase/realtime-js/-/realtime-js-2.110.2.tgz 0ms (cache hit)
187 http cache @supabase/functions-js@https://registry.npmjs.org/@supabase/functions-js/-/functions-js-2.110.2.tgz 0ms (cache hit)
188 http cache @supabase/phoenix@https://registry.npmjs.org/@supabase/phoenix/-/phoenix-0.4.4.tgz 0ms (cache hit)
189 http cache @supabase/auth-js@https://registry.npmjs.org/@supabase/auth-js/-/auth-js-2.110.2.tgz 0ms (cache hit)
190 http cache @rollup/rollup-android-arm64@https://registry.npmjs.org/@rollup/rollup-android-arm64/-/rollup-android-arm64-4.62.2.tgz 0ms (cache hit)
191 http cache @nodelib/fs.stat@https://registry.npmjs.org/@nodelib/fs.stat/-/fs.stat-2.0.5.tgz 0ms (cache hit)
192 http cache @remix-run/router@https://registry.npmjs.org/@remix-run/router/-/router-1.23.3.tgz 0ms (cache hit)
193 http cache @nodelib/fs.walk@https://registry.npmjs.org/@nodelib/fs.walk/-/fs.walk-1.2.8.tgz 0ms (cache hit)
194 http cache @jridgewell/trace-mapping@https://registry.npmjs.org/@jridgewell/trace-mapping/-/trace-mapping-0.3.31.tgz 0ms (cache hit)
195 http cache @jridgewell/sourcemap-codec@https://registry.npmjs.org/@jridgewell/sourcemap-codec/-/sourcemap-codec-1.5.5.tgz 0ms (cache hit)
196 http cache @jridgewell/resolve-uri@https://registry.npmjs.org/@jridgewell/resolve-uri/-/resolve-uri-3.1.2.tgz 0ms (cache hit)
197 http cache @jridgewell/remapping@https://registry.npmjs.org/@jridgewell/remapping/-/remapping-2.3.5.tgz 0ms (cache hit)
198 http cache @nodelib/fs.scandir@https://registry.npmjs.org/@nodelib/fs.scandir/-/fs.scandir-2.1.5.tgz 0ms (cache hit)
199 http cache @jridgewell/gen-mapping@https://registry.npmjs.org/@jridgewell/gen-mapping/-/gen-mapping-0.3.13.tgz 0ms (cache hit)
200 http cache @esbuild/android-arm64@https://registry.npmjs.org/@esbuild/android-arm64/-/android-arm64-0.21.5.tgz 0ms (cache hit)
201 http cache @babel/types@https://registry.npmjs.org/@babel/types/-/types-7.29.7.tgz 0ms (cache hit)
202 http cache @babel/template@https://registry.npmjs.org/@babel/template/-/template-7.29.7.tgz 0ms (cache hit)
203 http cache @babel/traverse@https://registry.npmjs.org/@babel/traverse/-/traverse-7.29.7.tgz 0ms (cache hit)
204 http cache @babel/plugin-transform-react-jsx-source@https://registry.npmjs.org/@babel/plugin-transform-react-jsx-source/-/plugin-transform-react-jsx-source-7.29.7.tgz 0ms (cache hit)
205 http cache @babel/plugin-transform-react-jsx-self@https://registry.npmjs.org/@babel/plugin-transform-react-jsx-self/-/plugin-transform-react-jsx-self-7.29.7.tgz 0ms (cache hit)
206 http cache @babel/runtime@https://registry.npmjs.org/@babel/runtime/-/runtime-7.29.7.tgz 0ms (cache hit)
207 http cache @babel/helpers@https://registry.npmjs.org/@babel/helpers/-/helpers-7.29.7.tgz 0ms (cache hit)
208 http cache @babel/parser@https://registry.npmjs.org/@babel/parser/-/parser-7.29.7.tgz 0ms (cache hit)
209 http cache @babel/helper-validator-option@https://registry.npmjs.org/@babel/helper-validator-option/-/helper-validator-option-7.29.7.tgz 0ms (cache hit)
210 http cache @babel/helper-validator-identifier@https://registry.npmjs.org/@babel/helper-validator-identifier/-/helper-validator-identifier-7.29.7.tgz 0ms (cache hit)
211 http cache @babel/helper-plugin-utils@https://registry.npmjs.org/@babel/helper-plugin-utils/-/helper-plugin-utils-7.29.7.tgz 0ms (cache hit)
212 http cache @babel/helper-module-transforms@https://registry.npmjs.org/@babel/helper-module-transforms/-/helper-module-transforms-7.29.7.tgz 0ms (cache hit)
213 http cache @babel/helper-string-parser@https://registry.npmjs.org/@babel/helper-string-parser/-/helper-string-parser-7.29.7.tgz 0ms (cache hit)
214 http cache @babel/helper-module-imports@https://registry.npmjs.org/@babel/helper-module-imports/-/helper-module-imports-7.29.7.tgz 0ms (cache hit)
215 http cache @babel/helper-compilation-targets@https://registry.npmjs.org/@babel/helper-compilation-targets/-/helper-compilation-targets-7.29.7.tgz 0ms (cache hit)
216 http cache @babel/core@https://registry.npmjs.org/@babel/core/-/core-7.29.7.tgz 0ms (cache hit)
217 http cache @babel/helper-globals@https://registry.npmjs.org/@babel/helper-globals/-/helper-globals-7.29.7.tgz 0ms (cache hit)
218 http cache @babel/code-frame@https://registry.npmjs.org/@babel/code-frame/-/code-frame-7.29.7.tgz 0ms (cache hit)
219 http cache @babel/generator@https://registry.npmjs.org/@babel/generator/-/generator-7.29.7.tgz 0ms (cache hit)
220 http cache @babel/compat-data@https://registry.npmjs.org/@babel/compat-data/-/compat-data-7.29.7.tgz 0ms (cache hit)
221 http cache picomatch@https://registry.npmjs.org/picomatch/-/picomatch-4.0.5.tgz 0ms (cache hit)
222 http cache @alloc/quick-lru@https://registry.npmjs.org/@alloc/quick-lru/-/quick-lru-5.2.0.tgz 0ms (cache hit)
223 http cache fdir@https://registry.npmjs.org/fdir/-/fdir-6.5.0.tgz 0ms (cache hit)
224 http cache glob-parent@https://registry.npmjs.org/glob-parent/-/glob-parent-5.1.2.tgz 1ms (cache hit)
225 http cache glob-parent@https://registry.npmjs.org/glob-parent/-/glob-parent-5.1.2.tgz 0ms (cache hit)
226 http fetch GET 200 https://registry.npmjs.org/dompurify 10966ms (cache revalidated)
227 silly packumentCache corgi:https://registry.npmjs.org/dompurify set size:255054 disposed:false
228 http fetch GET 200 https://registry.npmjs.org/esbuild 11074ms (cache revalidated)
229 silly packumentCache corgi:https://registry.npmjs.org/esbuild set size:887361 disposed:false
230 http fetch GET 200 https://registry.npmjs.org/jspdf 11217ms (cache revalidated)
231 silly packumentCache corgi:https://registry.npmjs.org/jspdf set size:68277 disposed:false
232 http fetch GET 200 https://registry.npmjs.org/vite 11265ms (cache revalidated)
233 silly packumentCache corgi:https://registry.npmjs.org/vite set size:2288699 disposed:false
234 http fetch GET 200 https://registry.npmjs.org/react-router 22464ms (cache miss)
235 silly packumentCache corgi:https://registry.npmjs.org/react-router set size:undefined disposed:false
236 http fetch GET 200 https://registry.npmjs.org/react-router-dom 23973ms (cache miss)
237 silly packumentCache corgi:https://registry.npmjs.org/react-router-dom set size:undefined disposed:false
238 silly packumentCache corgi:https://registry.npmjs.org/jspdf-autotable cache-miss
239 http fetch GET 200 https://registry.npmjs.org/jspdf-autotable 961ms (cache revalidated)
240 silly packumentCache corgi:https://registry.npmjs.org/jspdf-autotable set size:194991 disposed:false
241 silly packumentCache corgi:https://registry.npmjs.org/@vitejs%2fplugin-react cache-miss
242 http fetch GET 200 https://registry.npmjs.org/@vitejs%2fplugin-react 1205ms (cache revalidated)
243 silly packumentCache corgi:https://registry.npmjs.org/@vitejs%2fplugin-react set size:116307 disposed:false
244 verbose stack Error: EACCES: permission denied, symlink '../@babel/parser/bin/babel-parser.js' -> '/storage/emulated/0/Download/vattams-home-services-admin/node_modules/.bin/parser'
244 verbose stack     at async symlink (node:internal/fs/promises:1650:10)
244 verbose stack     at async Promise.all (index 0)
244 verbose stack     at async RetryOperation.<anonymous> (/data/data/com.termux/files/usr/lib/node_modules/npm/node_modules/@gar/promise-retry/lib/index.js:46:24)
245 error code EACCES
246 error syscall symlink
247 error path ../@babel/parser/bin/babel-parser.js
248 error dest /storage/emulated/0/Download/vattams-home-services-admin/node_modules/.bin/parser
249 error errno -13
250 error Error: EACCES: permission denied, symlink '../@babel/parser/bin/babel-parser.js' -> '/storage/emulated/0/Download/vattams-home-services-admin/node_modules/.bin/parser'
250 error     at async symlink (node:internal/fs/promises:1650:10)
250 error     at async Promise.all (index 0)
250 error     at async RetryOperation.<anonymous> (/data/data/com.termux/files/usr/lib/node_modules/npm/node_modules/@gar/promise-retry/lib/index.js:46:24) {
250 error   errno: -13,
250 error   code: 'EACCES',
250 error   syscall: 'symlink',
250 error   path: '../@babel/parser/bin/babel-parser.js',
250 error   dest: '/storage/emulated/0/Download/vattams-home-services-admin/node_modules/.bin/parser'
250 error }
251 error
251 error The operation was rejected by your operating system.
251 error It is likely you do not have the permissions to access this file as the current user
251 error
251 error If you believe this might be a permissions issue, please double-check the permissions of the file and its containing directories, or try running the command again as root/Administrator.
252 silly unfinished npm timer reify 1785015644993
253 silly unfinished npm timer reify:build 1785015840217
254 silly unfinished npm timer build 1785015840220
255 silly unfinished npm timer build:deps 1785015840222
256 silly unfinished npm timer build:link 1785015840319
257 silly unfinished npm timer build:link:node_modules/@babel/parser 1785015840319
258 silly unfinished npm timer build:link:node_modules/atob 1785015840322
259 silly unfinished npm timer build:link:node_modules/autoprefixer 1785015840323
260 silly unfinished npm timer build:link:node_modules/baseline-browser-mapping 1785015840323
261 silly unfinished npm timer build:link:node_modules/browserslist 1785015840324
262 silly unfinished npm timer build:link:node_modules/btoa 1785015840324
263 silly unfinished npm timer build:link:node_modules/cssesc 1785015840325
264 silly unfinished npm timer build:link:node_modules/esbuild 1785015840326
265 silly unfinished npm timer build:link:node_modules/jiti 1785015840326
266 silly unfinished npm timer build:link:node_modules/jsesc 1785015840327
267 silly unfinished npm timer build:link:node_modules/json5 1785015840328
268 silly unfinished npm timer build:link:node_modules/loose-envify 1785015840328
269 silly unfinished npm timer build:link:node_modules/nanoid 1785015840329
270 silly unfinished npm timer build:link:node_modules/qrcode 1785015840329
271 silly unfinished npm timer build:link:node_modules/resolve 1785015840329
272 silly unfinished npm timer build:link:node_modules/rollup 1785015840330
273 silly unfinished npm timer build:link:node_modules/semver 1785015840330
274 silly unfinished npm timer build:link:node_modules/sucrase 1785015840332
275 silly unfinished npm timer build:link:node_modules/tailwindcss 1785015840333
276 silly unfinished npm timer build:link:node_modules/typescript 1785015840333
277 silly unfinished npm timer build:link:node_modules/update-browserslist-db 1785015840333
278 silly unfinished npm timer build:link:node_modules/vite 1785015840334
279 verbose cwd /storage/emulated/0/Download/vattams-home-services-admin
280 verbose os Linux 4.19.157-perf+
281 verbose node v26.3.1
282 verbose npm  v12.0.1
283 verbose exit -13
284 verbose code -13
285 error A complete log of this run can be found in: /data/data/com.termux/files/home/.npm/_logs/2026-07-25T21_40_42_631Z-debug-0.log
