0 verbose cli /data/data/com.termux/files/usr/bin/node /data/data/com.termux/files/usr/lib/node_modules/npm/bin/npm-cli.js
1 info using npm@12.0.1
2 info using node@v26.3.1
3 silly config load:file:/data/data/com.termux/files/usr/lib/node_modules/npm/npmrc
4 silly config load:file:/data/data/com.termux/files/home/vattams-home-services-admin/.npmrc
5 silly config load:file:/data/data/com.termux/files/home/.npmrc
6 silly config load:file:/data/data/com.termux/files/usr/etc/npmrc
7 verbose title npm exec supabase --version
8 verbose argv "exec" "--" "supabase" "--version"
9 verbose logfile logs-max:10 dir:/data/data/com.termux/files/home/.npm/_logs/2026-07-25T22_34_03_179Z-
10 verbose logfile /data/data/com.termux/files/home/.npm/_logs/2026-07-25T22_34_03_179Z-debug-0.log
11 silly logfile start cleaning logs, removing 1 files
12 silly logfile done cleaning log files
13 silly packumentCache heap:1174405120 maxSize:293601280 maxEntrySize:146800640
14 http fetch GET 200 https://registry.npmjs.org/supabase 805ms (cache miss)
15 silly packumentCache heap:1174405120 maxSize:293601280 maxEntrySize:146800640
16 silly packumentCache heap:1174405120 maxSize:293601280 maxEntrySize:146800640
17 silly idealTree buildDeps
18 silly fetch manifest supabase@2.109.1
19 silly packumentCache full:https://registry.npmjs.org/supabase cache-miss
20 http fetch GET 200 https://registry.npmjs.org/supabase 1111ms (cache miss)
21 silly packumentCache full:https://registry.npmjs.org/supabase set size:undefined disposed:false
22 silly placeDep ROOT supabase@2.109.1 OK for:  want: 2.109.1
23 silly fetch manifest jose@^6.2.3
24 silly packumentCache full:https://registry.npmjs.org/jose cache-miss
25 silly fetch manifest eciesjs@^0.5.0
26 silly packumentCache full:https://registry.npmjs.org/eciesjs cache-miss
27 silly fetch manifest @supabase/cli-linux-x64@2.109.1
28 silly packumentCache full:https://registry.npmjs.org/@supabase%2fcli-linux-x64 cache-miss
29 silly fetch manifest @supabase/cli-darwin-x64@2.109.1
30 silly packumentCache full:https://registry.npmjs.org/@supabase%2fcli-darwin-x64 cache-miss
31 silly fetch manifest @supabase/cli-linux-arm64@2.109.1
32 silly packumentCache full:https://registry.npmjs.org/@supabase%2fcli-linux-arm64 cache-miss
33 silly fetch manifest @supabase/cli-windows-x64@2.109.1
34 silly packumentCache full:https://registry.npmjs.org/@supabase%2fcli-windows-x64 cache-miss
35 silly fetch manifest @supabase/cli-darwin-arm64@2.109.1
36 silly packumentCache full:https://registry.npmjs.org/@supabase%2fcli-darwin-arm64 cache-miss
37 http fetch GET 200 https://registry.npmjs.org/eciesjs 417ms (cache miss)
38 silly packumentCache full:https://registry.npmjs.org/eciesjs set size:undefined disposed:false
39 silly fetch manifest @supabase/cli-windows-arm64@2.109.1
40 silly packumentCache full:https://registry.npmjs.org/@supabase%2fcli-windows-arm64 cache-miss
41 http fetch GET 200 https://registry.npmjs.org/jose 469ms (cache miss)
42 silly packumentCache full:https://registry.npmjs.org/jose set size:undefined disposed:false
43 silly fetch manifest @supabase/cli-linux-x64-musl@2.109.1
44 silly packumentCache full:https://registry.npmjs.org/@supabase%2fcli-linux-x64-musl cache-miss
45 http fetch GET 200 https://registry.npmjs.org/@supabase%2fcli-linux-x64 792ms (cache miss)
46 silly packumentCache full:https://registry.npmjs.org/@supabase%2fcli-linux-x64 set size:undefined disposed:false
47 silly fetch manifest @supabase/cli-linux-arm64-musl@2.109.1
48 silly packumentCache full:https://registry.npmjs.org/@supabase%2fcli-linux-arm64-musl cache-miss
49 http fetch GET 200 https://registry.npmjs.org/@supabase%2fcli-darwin-x64 974ms (cache miss)
50 silly packumentCache full:https://registry.npmjs.org/@supabase%2fcli-darwin-x64 set size:undefined disposed:false
51 http fetch GET 200 https://registry.npmjs.org/@supabase%2fcli-linux-arm64 994ms (cache miss)
52 silly packumentCache full:https://registry.npmjs.org/@supabase%2fcli-linux-arm64 set size:undefined disposed:false
53 http fetch GET 200 https://registry.npmjs.org/@supabase%2fcli-windows-x64 1016ms (cache miss)
54 silly packumentCache full:https://registry.npmjs.org/@supabase%2fcli-windows-x64 set size:undefined disposed:false
55 http fetch GET 200 https://registry.npmjs.org/@supabase%2fcli-darwin-arm64 1035ms (cache miss)
56 silly packumentCache full:https://registry.npmjs.org/@supabase%2fcli-darwin-arm64 set size:undefined disposed:false
57 http fetch GET 200 https://registry.npmjs.org/@supabase%2fcli-windows-arm64 686ms (cache miss)
58 silly packumentCache full:https://registry.npmjs.org/@supabase%2fcli-windows-arm64 set size:undefined disposed:false
59 http fetch GET 200 https://registry.npmjs.org/@supabase%2fcli-linux-x64-musl 718ms (cache miss)
60 silly packumentCache full:https://registry.npmjs.org/@supabase%2fcli-linux-x64-musl set size:undefined disposed:false
61 http fetch GET 200 https://registry.npmjs.org/@supabase%2fcli-linux-arm64-musl 884ms (cache miss)
62 silly packumentCache full:https://registry.npmjs.org/@supabase%2fcli-linux-arm64-musl set size:undefined disposed:false
63 silly placeDep ROOT @supabase/cli-darwin-arm64@2.109.1 OK for: supabase@2.109.1 want: 2.109.1
64 silly placeDep ROOT @supabase/cli-darwin-x64@2.109.1 OK for: supabase@2.109.1 want: 2.109.1
65 silly placeDep ROOT @supabase/cli-linux-arm64@2.109.1 OK for: supabase@2.109.1 want: 2.109.1
66 silly placeDep ROOT @supabase/cli-linux-arm64-musl@2.109.1 OK for: supabase@2.109.1 want: 2.109.1
67 silly placeDep ROOT @supabase/cli-linux-x64@2.109.1 OK for: supabase@2.109.1 want: 2.109.1
68 silly placeDep ROOT @supabase/cli-linux-x64-musl@2.109.1 OK for: supabase@2.109.1 want: 2.109.1
69 silly placeDep ROOT @supabase/cli-windows-arm64@2.109.1 OK for: supabase@2.109.1 want: 2.109.1
70 silly placeDep ROOT @supabase/cli-windows-x64@2.109.1 OK for: supabase@2.109.1 want: 2.109.1
71 silly placeDep ROOT eciesjs@0.5.0 OK for: supabase@2.109.1 want: ^0.5.0
72 silly placeDep ROOT jose@6.2.4 OK for: supabase@2.109.1 want: ^6.2.3
73 silly fetch manifest @ecies/ciphers@^0.2.6
74 silly packumentCache full:https://registry.npmjs.org/@ecies%2fciphers cache-miss
75 silly fetch manifest @noble/ciphers@^1.3.0
76 silly packumentCache full:https://registry.npmjs.org/@noble%2fciphers cache-miss
77 silly fetch manifest @noble/curves@^1.9.7
78 silly packumentCache full:https://registry.npmjs.org/@noble%2fcurves cache-miss
79 silly fetch manifest @noble/hashes@^1.8.0
80 silly packumentCache full:https://registry.npmjs.org/@noble%2fhashes cache-miss
81 http fetch GET 200 https://registry.npmjs.org/@ecies%2fciphers 144ms (cache miss)
82 silly packumentCache full:https://registry.npmjs.org/@ecies%2fciphers set size:undefined disposed:false
83 http fetch GET 200 https://registry.npmjs.org/@noble%2fciphers 150ms (cache miss)
84 silly packumentCache full:https://registry.npmjs.org/@noble%2fciphers set size:undefined disposed:false
85 http fetch GET 200 https://registry.npmjs.org/@noble%2fhashes 162ms (cache miss)
86 silly packumentCache full:https://registry.npmjs.org/@noble%2fhashes set size:undefined disposed:false
87 http fetch GET 200 https://registry.npmjs.org/@noble%2fcurves 182ms (cache miss)
88 silly packumentCache full:https://registry.npmjs.org/@noble%2fcurves set size:undefined disposed:false
89 silly placeDep ROOT @ecies/ciphers@0.2.6 OK for: eciesjs@0.5.0 want: ^0.2.6
90 silly placeDep ROOT @noble/ciphers@1.3.0 OK for: @ecies/ciphers@0.2.6 want: ^1.0.0
91 silly placeDep ROOT @noble/curves@1.9.7 OK for: eciesjs@0.5.0 want: ^1.9.7
92 silly placeDep ROOT @noble/hashes@1.8.0 OK for: eciesjs@0.5.0 want: ^1.8.0
93 silly fetch manifest @noble/hashes@1.8.0
94 silly packumentCache full:https://registry.npmjs.org/@noble%2fhashes cache-miss
95 http cache https://registry.npmjs.org/@noble%2fhashes 20ms (cache hit)
96 silly packumentCache full:https://registry.npmjs.org/@noble%2fhashes set size:217737 disposed:false
97 silly reify moves {}
98 silly audit bulk request {
98 silly audit   supabase: [ '2.109.1' ],
98 silly audit   '@supabase/cli-darwin-arm64': [ '2.109.1' ],
98 silly audit   '@supabase/cli-darwin-x64': [ '2.109.1' ],
98 silly audit   '@supabase/cli-linux-arm64': [ '2.109.1' ],
98 silly audit   '@supabase/cli-linux-arm64-musl': [ '2.109.1' ],
98 silly audit   '@supabase/cli-linux-x64': [ '2.109.1' ],
98 silly audit   '@supabase/cli-linux-x64-musl': [ '2.109.1' ],
98 silly audit   '@supabase/cli-windows-arm64': [ '2.109.1' ],
98 silly audit   '@supabase/cli-windows-x64': [ '2.109.1' ],
98 silly audit   eciesjs: [ '0.5.0' ],
98 silly audit   jose: [ '6.2.4' ],
98 silly audit   '@ecies/ciphers': [ '0.2.6' ],
98 silly audit   '@noble/ciphers': [ '1.3.0' ],
98 silly audit   '@noble/curves': [ '1.9.7' ],
98 silly audit   '@noble/hashes': [ '1.8.0' ]
98 silly audit }
99 http cache @noble/hashes@https://registry.npmjs.org/@noble/hashes/-/hashes-1.8.0.tgz 1ms (cache hit)
100 http cache @noble/ciphers@https://registry.npmjs.org/@noble/ciphers/-/ciphers-1.3.0.tgz 0ms (cache hit)
101 http cache @noble/curves@https://registry.npmjs.org/@noble/curves/-/curves-1.9.7.tgz 0ms (cache hit)
102 http cache @ecies/ciphers@https://registry.npmjs.org/@ecies/ciphers/-/ciphers-0.2.6.tgz 0ms (cache hit)
103 http cache jose@https://registry.npmjs.org/jose/-/jose-6.2.4.tgz 0ms (cache hit)
104 http cache eciesjs@https://registry.npmjs.org/eciesjs/-/eciesjs-0.5.0.tgz 0ms (cache hit)
105 http cache supabase@https://registry.npmjs.org/supabase/-/supabase-2.109.1.tgz 0ms (cache hit)
106 silly tarball no local data for @noble/curves@https://registry.npmjs.org/@noble/curves/-/curves-1.9.7.tgz. Extracting by manifest.
107 silly tarball no local data for @ecies/ciphers@https://registry.npmjs.org/@ecies/ciphers/-/ciphers-0.2.6.tgz. Extracting by manifest.
108 silly tarball no local data for jose@https://registry.npmjs.org/jose/-/jose-6.2.4.tgz. Extracting by manifest.
109 silly tarball no local data for @noble/ciphers@https://registry.npmjs.org/@noble/ciphers/-/ciphers-1.3.0.tgz. Extracting by manifest.
110 silly tarball no local data for eciesjs@https://registry.npmjs.org/eciesjs/-/eciesjs-0.5.0.tgz. Extracting by manifest.
111 silly tarball no local data for supabase@https://registry.npmjs.org/supabase/-/supabase-2.109.1.tgz. Extracting by manifest.
112 silly tarball no local data for @noble/hashes@https://registry.npmjs.org/@noble/hashes/-/hashes-1.8.0.tgz. Extracting by manifest.
113 http fetch GET 200 https://registry.npmjs.org/supabase/-/supabase-2.109.1.tgz 277ms (cache miss)
114 http fetch GET 200 https://registry.npmjs.org/@ecies/ciphers/-/ciphers-0.2.6.tgz 297ms (cache miss)
115 http fetch POST 200 https://registry.npmjs.org/-/npm/v1/security/advisories/bulk 360ms
116 silly audit report {}
117 http fetch GET 200 https://registry.npmjs.org/eciesjs/-/eciesjs-0.5.0.tgz 378ms (cache miss)
118 http fetch GET 200 https://registry.npmjs.org/@noble/ciphers/-/ciphers-1.3.0.tgz 635ms (cache miss)
119 http fetch GET 200 https://registry.npmjs.org/jose/-/jose-6.2.4.tgz 816ms (cache miss)
120 http fetch GET 200 https://registry.npmjs.org/@noble/hashes/-/hashes-1.8.0.tgz 875ms (cache miss)
121 http fetch GET 200 https://registry.npmjs.org/@noble/curves/-/curves-1.9.7.tgz 907ms (cache miss)
122 notice run trustyfix-home-services@1.0.0 npx
123 notice run 'supabase' --version
124 verbose cwd /data/data/com.termux/files/home/vattams-home-services-admin
125 verbose os Linux 4.19.157-perf+
126 verbose node v26.3.1
127 verbose npm  v12.0.1
128 verbose exit 1
129 verbose code 1
