0 verbose cli /data/data/com.termux/files/usr/bin/node /data/data/com.termux/files/usr/bin/npm
1 info using npm@12.0.1
2 info using node@v24.17.0
3 silly config load:file:/data/data/com.termux/files/usr/lib/node_modules/npm/npmrc
4 silly config load:file:/data/data/com.termux/files/home/vattams-home-services-admin/.npmrc
5 silly config load:file:/data/data/com.termux/files/home/.npmrc
6 silly config load:file:/data/data/com.termux/files/usr/etc/npmrc
7 verbose title npm run build
8 verbose argv "run" "build"
9 verbose logfile logs-max:10 dir:/data/data/com.termux/files/home/.npm/_logs/2026-07-22T17_38_03_958Z-
10 verbose logfile /data/data/com.termux/files/home/.npm/_logs/2026-07-22T17_38_03_958Z-debug-0.log
11 silly logfile start cleaning logs, removing 1 files
12 silly logfile done cleaning log files
13 notice run vattams-home-services@1.0.0 build
14 notice run tsc -b && vite build
15 verbose cwd /data/data/com.termux/files/home/vattams-home-services-admin
16 verbose os Linux 4.19.157-perf+
17 verbose node v24.17.0
18 verbose npm  v12.0.1
19 verbose exit 0
20 info ok
